Archive member included to satisfy reference by file (symbol)

c:/program files (x86)/gnu tools arm embedded/9 2019-q4-major/bin/../lib/gcc/arm-none-eabi/9.2.1/../../../../arm-none-eabi/lib/thumb/v7-m/nofp\libc_nano.a(lib_a-errno.o)
                              build/main.o (__errno)
c:/program files (x86)/gnu tools arm embedded/9 2019-q4-major/bin/../lib/gcc/arm-none-eabi/9.2.1/../../../../arm-none-eabi/lib/thumb/v7-m/nofp\libc_nano.a(lib_a-exit.o)
                              c:/program files (x86)/gnu tools arm embedded/9 2019-q4-major/bin/../lib/gcc/arm-none-eabi/9.2.1/../../../../arm-none-eabi/lib/thumb/v7-m/nofp/crt0.o (exit)
c:/program files (x86)/gnu tools arm embedded/9 2019-q4-major/bin/../lib/gcc/arm-none-eabi/9.2.1/../../../../arm-none-eabi/lib/thumb/v7-m/nofp\libc_nano.a(lib_a-impure.o)
                              c:/program files (x86)/gnu tools arm embedded/9 2019-q4-major/bin/../lib/gcc/arm-none-eabi/9.2.1/../../../../arm-none-eabi/lib/thumb/v7-m/nofp\libc_nano.a(lib_a-exit.o) (_global_impure_ptr)
c:/program files (x86)/gnu tools arm embedded/9 2019-q4-major/bin/../lib/gcc/arm-none-eabi/9.2.1/../../../../arm-none-eabi/lib/thumb/v7-m/nofp\libc_nano.a(lib_a-init.o)
                              c:/program files (x86)/gnu tools arm embedded/9 2019-q4-major/bin/../lib/gcc/arm-none-eabi/9.2.1/../../../../arm-none-eabi/lib/thumb/v7-m/nofp/crt0.o (__libc_init_array)
c:/program files (x86)/gnu tools arm embedded/9 2019-q4-major/bin/../lib/gcc/arm-none-eabi/9.2.1/../../../../arm-none-eabi/lib/thumb/v7-m/nofp\libc_nano.a(lib_a-memcpy-stub.o)
                              build/VX_swi2c.o (memcpy)
c:/program files (x86)/gnu tools arm embedded/9 2019-q4-major/bin/../lib/gcc/arm-none-eabi/9.2.1/../../../../arm-none-eabi/lib/thumb/v7-m/nofp\libc_nano.a(lib_a-memset.o)
                              c:/program files (x86)/gnu tools arm embedded/9 2019-q4-major/bin/../lib/gcc/arm-none-eabi/9.2.1/../../../../arm-none-eabi/lib/thumb/v7-m/nofp/crt0.o (memset)
c:/program files (x86)/gnu tools arm embedded/9 2019-q4-major/bin/../lib/gcc/arm-none-eabi/9.2.1/../../../../arm-none-eabi/lib/thumb/v7-m/nofp\libc_nano.a(lib_a-printf.o)
                              build/main.o (printf)
c:/program files (x86)/gnu tools arm embedded/9 2019-q4-major/bin/../lib/gcc/arm-none-eabi/9.2.1/../../../../arm-none-eabi/lib/thumb/v7-m/nofp\libc_nano.a(lib_a-puts.o)
                              build/main.o (puts)
c:/program files (x86)/gnu tools arm embedded/9 2019-q4-major/bin/../lib/gcc/arm-none-eabi/9.2.1/../../../../arm-none-eabi/lib/thumb/v7-m/nofp\libc_nano.a(lib_a-strcmp.o)
                              build/GT911.o (strcmp)
c:/program files (x86)/gnu tools arm embedded/9 2019-q4-major/bin/../lib/gcc/arm-none-eabi/9.2.1/../../../../arm-none-eabi/lib/thumb/v7-m/nofp\libc_nano.a(lib_a-strtol.o)
                              build/main.o (strtol)
c:/program files (x86)/gnu tools arm embedded/9 2019-q4-major/bin/../lib/gcc/arm-none-eabi/9.2.1/../../../../arm-none-eabi/lib/thumb/v7-m/nofp\libc_nano.a(lib_a-wbuf.o)
                              c:/program files (x86)/gnu tools arm embedded/9 2019-q4-major/bin/../lib/gcc/arm-none-eabi/9.2.1/../../../../arm-none-eabi/lib/thumb/v7-m/nofp\libc_nano.a(lib_a-puts.o) (__swbuf_r)
c:/program files (x86)/gnu tools arm embedded/9 2019-q4-major/bin/../lib/gcc/arm-none-eabi/9.2.1/../../../../arm-none-eabi/lib/thumb/v7-m/nofp\libc_nano.a(lib_a-wsetup.o)
                              c:/program files (x86)/gnu tools arm embedded/9 2019-q4-major/bin/../lib/gcc/arm-none-eabi/9.2.1/../../../../arm-none-eabi/lib/thumb/v7-m/nofp\libc_nano.a(lib_a-puts.o) (__swsetup_r)
c:/program files (x86)/gnu tools arm embedded/9 2019-q4-major/bin/../lib/gcc/arm-none-eabi/9.2.1/../../../../arm-none-eabi/lib/thumb/v7-m/nofp\libc_nano.a(lib_a-ctype_.o)
                              c:/program files (x86)/gnu tools arm embedded/9 2019-q4-major/bin/../lib/gcc/arm-none-eabi/9.2.1/../../../../arm-none-eabi/lib/thumb/v7-m/nofp\libc_nano.a(lib_a-strtol.o) (_ctype_)
c:/program files (x86)/gnu tools arm embedded/9 2019-q4-major/bin/../lib/gcc/arm-none-eabi/9.2.1/../../../../arm-none-eabi/lib/thumb/v7-m/nofp\libc_nano.a(lib_a-fflush.o)
                              c:/program files (x86)/gnu tools arm embedded/9 2019-q4-major/bin/../lib/gcc/arm-none-eabi/9.2.1/../../../../arm-none-eabi/lib/thumb/v7-m/nofp\libc_nano.a(lib_a-wbuf.o) (_fflush_r)
c:/program files (x86)/gnu tools arm embedded/9 2019-q4-major/bin/../lib/gcc/arm-none-eabi/9.2.1/../../../../arm-none-eabi/lib/thumb/v7-m/nofp\libc_nano.a(lib_a-findfp.o)
                              c:/program files (x86)/gnu tools arm embedded/9 2019-q4-major/bin/../lib/gcc/arm-none-eabi/9.2.1/../../../../arm-none-eabi/lib/thumb/v7-m/nofp\libc_nano.a(lib_a-printf.o) (__sinit)
c:/program files (x86)/gnu tools arm embedded/9 2019-q4-major/bin/../lib/gcc/arm-none-eabi/9.2.1/../../../../arm-none-eabi/lib/thumb/v7-m/nofp\libc_nano.a(lib_a-fwalk.o)
[...]
Memory Configuration

Name             Origin             Length             Attributes
RAM              0x20000000         0x00005000         xrw
FLASH            0x08000000         0x00020000         xr
*default*        0x00000000         0xffffffff

Linker script and memory map

LOAD c:/program files (x86)/gnu tools arm embedded/9 2019-q4-major/bin/../lib/gcc/arm-none-eabi/9.2.1/thumb/v7-m/nofp/crti.o
LOAD c:/program files (x86)/gnu tools arm embedded/9 2019-q4-major/bin/../lib/gcc/arm-none-eabi/9.2.1/thumb/v7-m/nofp/crtbegin.o
LOAD c:/program files (x86)/gnu tools arm embedded/9 2019-q4-major/bin/../lib/gcc/arm-none-eabi/9.2.1/../../../../arm-none-eabi/lib/thumb/v7-m/nofp/crt0.o
LOAD build/main.o
LOAD build/stm32f1xx_it.o
LOAD build/stm32f1xx_hal_msp.o
LOAD build/stm32f1xx_hal_gpio_ex.o
LOAD build/stm32f1xx_hal_tim.o
LOAD build/stm32f1xx_hal_tim_ex.o
LOAD build/stm32f1xx_hal_uart.o
LOAD build/stm32f1xx_hal.o
LOAD build/stm32f1xx_hal_rcc.o
LOAD build/stm32f1xx_hal_rcc_ex.o
LOAD build/stm32f1xx_hal_gpio.o
LOAD build/stm32f1xx_hal_dma.o
LOAD build/stm32f1xx_hal_cortex.o
LOAD build/stm32f1xx_hal_pwr.o
LOAD build/stm32f1xx_hal_flash.o
LOAD build/stm32f1xx_hal_flash_ex.o
LOAD build/stm32f1xx_hal_exti.o
LOAD build/stm32f1xx_hal_adc.o
LOAD build/stm32f1xx_hal_adc_ex.o
LOAD build/system_stm32f1xx.o
LOAD build/VX_swi2c.o
LOAD build/VS4210_param_Mode88.o
LOAD build/VS4210_param_Modex26.o
LOAD build/VX_OSD.o
LOAD build/VX_OSD_Simple.o
LOAD build/VS4210.o
LOAD build/TP2802.o
LOAD build/monitor.o
LOAD build/Printf.o
LOAD build/SysTimer.o
LOAD build/etc_eep.o
LOAD build/keyremo.o
LOAD build/audio.o
LOAD build/exosd.o
LOAD build/GT911.o
LOAD build/VX8812.o
LOAD build/TD5300.o
LOAD build/startup_stm32f103xb.o
LOAD c:/program files (x86)/gnu tools arm embedded/9 2019-q4-major/bin/../lib/gcc/arm-none-eabi/9.2.1/../../../../arm-none-eabi/lib/thumb/v7-m/nofp\libc_nano.a
LOAD c:/program files (x86)/gnu tools arm embedded/9 2019-q4-major/bin/../lib/gcc/arm-none-eabi/9.2.1/../../../../arm-none-eabi/lib/thumb/v7-m/nofp\libm.a
LOAD c:/program files (x86)/gnu tools arm embedded/9 2019-q4-major/bin/../lib/gcc/arm-none-eabi/9.2.1/../../../../arm-none-eabi/lib/thumb/v7-m/nofp\libnosys.a
LOAD ./Lib\libsw_i2c0.a
LOAD ./Lib\libsw_i2c1.a
LOAD ./Lib\libsw_i2c2.a
LOAD ./Lib\libsw_i2c3.a
LOAD ./Lib\libite66121dvi.a
START GROUP
LOAD c:/program files (x86)/gnu tools arm embedded/9 2019-q4-major/bin/../lib/gcc/arm-none-eabi/9.2.1/thumb/v7-m/nofp\libgcc.a
LOAD c:/program files (x86)/gnu tools arm embedded/9 2019-q4-major/bin/../lib/gcc/arm-none-eabi/9.2.1/../../../../arm-none-eabi/lib/thumb/v7-m/nofp\libc_nano.a
END GROUP
START GROUP
LOAD c:/program files (x86)/gnu tools arm embedded/9 2019-q4-major/bin/../lib/gcc/arm-none-eabi/9.2.1/thumb/v7-m/nofp\libgcc.a
LOAD c:/program files (x86)/gnu tools arm embedded/9 2019-q4-major/bin/../lib/gcc/arm-none-eabi/9.2.1/../../../../arm-none-eabi/lib/thumb/v7-m/nofp\libc_nano.a
END GROUP
LOAD c:/program files (x86)/gnu tools arm embedded/9 2019-q4-major/bin/../lib/gcc/arm-none-eabi/9.2.1/thumb/v7-m/nofp/crtend.o
LOAD c:/program files (x86)/gnu tools arm embedded/9 2019-q4-major/bin/../lib/gcc/arm-none-eabi/9.2.1/thumb/v7-m/nofp/crtn.o
                0x20005000                _estack = 0x20005000
                0x00000200                _Min_Heap_Size = 0x200
                0x00000400                _Min_Stack_Size = 0x400

.isr_vector     0x08000000      0x10c
                0x08000000                . = ALIGN (0x4)
 *(.isr_vector)
 .isr_vector    0x08000000      0x10c build/startup_stm32f103xb.o
                0x08000000                g_pfnVectors
                0x0800010c                . = ALIGN (0x4)

.text           0x0800010c    0x17080
                0x0800010c                . = ALIGN (0x4)
 *(.text)
 .text          0x0800010c       0x40 c:/program files (x86)/gnu tools arm embedded/9 2019-q4-major/bin/../lib/gcc/arm-none-eabi/9.2.1/thumb/v7-m/nofp/crtbegin.o
 *(.text*)
 .text.MX_GPIO_Init
                0x0800014c      0x12c build/main.o
 .text.MX_TIM2_Init
                0x08000278       0x64 build/main.o
 .text.MX_TIM3_Init
                0x080002dc       0x54 build/main.o
 .text.MX_USART1_UART_Init
                0x08000330       0x2c build/main.o
 .text.MX_USART2_UART_Init
                0x0800035c       0x2c build/main.o
 .text.MX_ADC1_Init
                0x08000388       0x4c build/main.o
 .text._write   0x080003d4       0x34 build/main.o
                0x080003d4                _write
 .text.RS2_tx   0x08000408       0x24 build/main.o
                0x08000408                RS2_tx
 .text.InitialTimerEvent
                0x0800042c       0x26 build/main.o
                0x0800042c                InitialTimerEvent
 *fill*         0x08000452        0x2 
 .text.setloopoutmode
                0x08000454      0xfac build/main.o
                0x08000454                setloopoutmode
 .text.main_init
                0x08001400       0x98 build/main.o
                0x08001400                main_init
 .text.LCDPowerON
                0x08001498       0xd0 build/main.o
                0x08001498                LCDPowerON
 .text.LCDPowerOFF
                0x08001568       0x64 build/main.o
                0x08001568                LCDPowerOFF
 .text.SETTW8812OFF
                0x080015cc        0xc build/main.o
                0x080015cc                SETTW8812OFF
 .text.BackLightOFF
                0x080015d8       0x20 build/main.o
                0x080015d8                BackLightOFF
 .text.SETTW8812ON
                0x080015f8        0xc build/main.o
                0x080015f8                SETTW8812ON
 .text.BackLightON
                0x08001604       0x24 build/main.o
                0x08001604                BackLightON
 .text.uComOnChipInitial
                0x08001628       0x28 build/main.o
                0x08001628                uComOnChipInitial
 .text.user_pwm_setvalue
                0x08001650       0x2c build/main.o
                0x08001650                user_pwm_setvalue
 .text.AdjustAutoDayNight
                0x0800167c       0xb0 build/main.o
                0x0800167c                AdjustAutoDayNight
 .text.LoadEEPROM
                0x0800172c      0x194 build/main.o
                0x0800172c                LoadEEPROM
 .text.WaitPowerOn
                0x080018c0      0x10c build/main.o
                0x080018c0                WaitPowerOn
 .text.main_loop
                0x080019cc       0xb4 build/main.o
                0x080019cc                main_loop
 .text.SystemClock_Config
                0x08001a80       0x4c build/main.o
                0x08001a80                SystemClock_Config
 .text.main     0x08001acc      0x1f4 build/main.o
                0x08001acc                main
 .text.HAL_TIM_PeriodElapsedCallback
                0x08001cc0      0x368 build/main.o
                0x08001cc0                HAL_TIM_PeriodElapsedCallback
 .text.HAL_UART_RxCpltCallback
                0x08002028       0x90 build/main.o
                0x08002028                HAL_UART_RxCpltCallback
 .text.HAL_GPIO_EXTI_Callback
                0x080020b8       0x20 build/main.o
                0x080020b8                HAL_GPIO_EXTI_Callback
 .text.NMI_Handler
                0x080020d8        0x2 build/stm32f1xx_it.o
                0x080020d8                NMI_Handler
 .text.HardFault_Handler
                0x080020da        0x2 build/stm32f1xx_it.o
                0x080020da                HardFault_Handler
 .text.MemManage_Handler
                0x080020dc        0x2 build/stm32f1xx_it.o
                0x080020dc                MemManage_Handler
 .text.BusFault_Handler
                0x080020de        0x2 build/stm32f1xx_it.o
                0x080020de                BusFault_Handler
 .text.UsageFault_Handler
                0x080020e0        0x2 build/stm32f1xx_it.o
                0x080020e0                UsageFault_Handler
 .text.SVC_Handler
                0x080020e2        0x2 build/stm32f1xx_it.o
                0x080020e2                SVC_Handler
 .text.DebugMon_Handler
                0x080020e4        0x2 build/stm32f1xx_it.o
                0x080020e4                DebugMon_Handler
 .text.PendSV_Handler
                0x080020e6        0x2 build/stm32f1xx_it.o
                0x080020e6                PendSV_Handler
 .text.SysTick_Handler
                0x080020e8        0x8 build/stm32f1xx_it.o
                0x080020e8                SysTick_Handler
 .text.EXTI0_IRQHandler
                0x080020f0        0xa build/stm32f1xx_it.o
                0x080020f0                EXTI0_IRQHandler
 *fill*         0x080020fa        0x2 
 .text.TIM3_IRQHandler
                0x080020fc       0x10 build/stm32f1xx_it.o
                0x080020fc                TIM3_IRQHandler
 .text.USART1_IRQHandler
                0x0800210c       0x10 build/stm32f1xx_it.o
                0x0800210c                USART1_IRQHandler
 .text.USART2_IRQHandler
                0x0800211c       0x10 build/stm32f1xx_it.o
                0x0800211c                USART2_IRQHandler
 .text.HAL_MspInit
                0x0800212c       0x44 build/stm32f1xx_hal_msp.o
                0x0800212c                HAL_MspInit
 .text.HAL_TIM_Base_MspInit
                0x08002170       0x40 build/stm32f1xx_hal_msp.o
                0x08002170                HAL_TIM_Base_MspInit
 .text.HAL_UART_MspInit
                0x080021b0       0xf8 build/stm32f1xx_hal_msp.o
                0x080021b0                HAL_UART_MspInit
 .text.HAL_ADC_MspInit
                0x080022a8       0x60 build/stm32f1xx_hal_msp.o
                0x080022a8                HAL_ADC_MspInit
 .text.HAL_TIM_PWM_MspInit
                0x08002308       0x26 build/stm32f1xx_hal_msp.o
                0x08002308                HAL_TIM_PWM_MspInit
 *fill*         0x0800232e        0x2 
 .text.HAL_TIM_MspPostInit
                0x08002330       0x64 build/stm32f1xx_hal_msp.o
                0x08002330                HAL_TIM_MspPostInit
 .text.TIM_OC1_SetConfig
                0x08002394       0x5c build/stm32f1xx_hal_tim.o
 .text.TIM_OC3_SetConfig
                0x080023f0       0x64 build/stm32f1xx_hal_tim.o
 .text.TIM_OC4_SetConfig
                0x08002454       0x48 build/stm32f1xx_hal_tim.o
 .text.TIM_TI1_ConfigInputStage
                0x0800249c       0x24 build/stm32f1xx_hal_tim.o
 .text.TIM_TI2_ConfigInputStage
                0x080024c0       0x26 build/stm32f1xx_hal_tim.o
 .text.TIM_ITRx_SetConfig
                0x080024e6       0x10 build/stm32f1xx_hal_tim.o
 .text.HAL_TIM_Base_Start_IT
                0x080024f6       0x22 build/stm32f1xx_hal_tim.o
                0x080024f6                HAL_TIM_Base_Start_IT
 .text.HAL_TIM_OC_DelayElapsedCallback
                0x08002518        0x2 build/stm32f1xx_hal_tim.o
                0x08002518                HAL_TIM_OC_DelayElapsedCallback
 .text.HAL_TIM_IC_CaptureCallback
                0x0800251a        0x2 build/stm32f1xx_hal_tim.o
                0x0800251a                HAL_TIM_IC_CaptureCallback
 .text.HAL_TIM_PWM_PulseFinishedCallback
                0x0800251c        0x2 build/stm32f1xx_hal_tim.o
                0x0800251c                HAL_TIM_PWM_PulseFinishedCallback
 .text.HAL_TIM_TriggerCallback
                0x0800251e        0x2 build/stm32f1xx_hal_tim.o
                0x0800251e                HAL_TIM_TriggerCallback
 .text.HAL_TIM_IRQHandler
                0x08002520      0x17a build/stm32f1xx_hal_tim.o
                0x08002520                HAL_TIM_IRQHandler
 *fill*         0x0800269a        0x2 
 .text.TIM_Base_SetConfig
                0x0800269c       0x74 build/stm32f1xx_hal_tim.o
                0x0800269c                TIM_Base_SetConfig
 .text.HAL_TIM_Base_Init
                0x08002710       0x34 build/stm32f1xx_hal_tim.o
                0x08002710                HAL_TIM_Base_Init
 .text.HAL_TIM_PWM_Init
                0x08002744       0x34 build/stm32f1xx_hal_tim.o
                0x08002744                HAL_TIM_PWM_Init
 .text.TIM_OC2_SetConfig
                0x08002778       0x64 build/stm32f1xx_hal_tim.o
                0x08002778                TIM_OC2_SetConfig
 .text.HAL_TIM_PWM_ConfigChannel
                0x080027dc       0xdc build/stm32f1xx_hal_tim.o
                0x080027dc                HAL_TIM_PWM_ConfigChannel
 .text.TIM_ETR_SetConfig
                0x080028b8       0x16 build/stm32f1xx_hal_tim.o
                0x080028b8                TIM_ETR_SetConfig
 .text.HAL_TIM_ConfigClockSource
                0x080028ce       0xda build/stm32f1xx_hal_tim.o
                0x080028ce                HAL_TIM_ConfigClockSource
 .text.TIM_CCxChannelCmd
                0x080029a8       0x22 build/stm32f1xx_hal_tim.o
                0x080029a8                TIM_CCxChannelCmd
 *fill*         0x080029ca        0x2 
 .text.HAL_TIM_PWM_Start
                0x080029cc       0x3c build/stm32f1xx_hal_tim.o
                0x080029cc                HAL_TIM_PWM_Start
 .text.HAL_TIMEx_MasterConfigSynchronization
                0x08002a08       0x46 build/stm32f1xx_hal_tim_ex.o
                0x08002a08                HAL_TIMEx_MasterConfigSynchronization
 .text.HAL_TIMEx_CommutCallback
                0x08002a4e        0x2 build/stm32f1xx_hal_tim_ex.o
                0x08002a4e                HAL_TIMEx_CommutCallback
 .text.HAL_TIMEx_BreakCallback
                0x08002a50        0x2 build/stm32f1xx_hal_tim_ex.o
                0x08002a50                HAL_TIMEx_BreakCallback
 .text.UART_EndRxTransfer
                0x08002a52       0x1c build/stm32f1xx_hal_uart.o
 .text.UART_Transmit_IT
                0x08002a6e       0x66 build/stm32f1xx_hal_uart.o
 .text.UART_SetConfig
                0x08002ad4       0xcc build/stm32f1xx_hal_uart.o
 .text.UART_WaitOnFlagUntilTimeout
                0x08002ba0       0x68 build/stm32f1xx_hal_uart.o
 .text.HAL_UART_Init
                0x08002c08       0x5e build/stm32f1xx_hal_uart.o
                0x08002c08                HAL_UART_Init
 .text.HAL_UART_Transmit
                0x08002c66       0xe0 build/stm32f1xx_hal_uart.o
                0x08002c66                HAL_UART_Transmit
 .text.HAL_UART_Receive_IT
                0x08002d46       0x5c build/stm32f1xx_hal_uart.o
                0x08002d46                HAL_UART_Receive_IT
 .text.HAL_UART_TxCpltCallback
                0x08002da2        0x2 build/stm32f1xx_hal_uart.o
                0x08002da2                HAL_UART_TxCpltCallback
 .text.UART_EndTransmit_IT
                0x08002da4       0x1a build/stm32f1xx_hal_uart.o
 .text.UART_Receive_IT
                0x08002dbe       0x9e build/stm32f1xx_hal_uart.o
 .text.HAL_UART_ErrorCallback
                0x08002e5c        0x2 build/stm32f1xx_hal_uart.o
                0x08002e5c                HAL_UART_ErrorCallback
 *fill*         0x08002e5e        0x2 
 .text.HAL_UART_IRQHandler
                0x08002e60      0x120 build/stm32f1xx_hal_uart.o
                0x08002e60                HAL_UART_IRQHandler
 .text.UART_DMAAbortOnError
                0x08002f80       0x10 build/stm32f1xx_hal_uart.o
 .text.HAL_InitTick
                0x08002f90       0x4c build/stm32f1xx_hal.o
                0x08002f90                HAL_InitTick
 .text.HAL_Init
                0x08002fdc       0x24 build/stm32f1xx_hal.o
                0x08002fdc                HAL_Init
 .text.HAL_IncTick
                0x08003000       0x18 build/stm32f1xx_hal.o
                0x08003000                HAL_IncTick
 .text.HAL_GetTick
                0x08003018        0xc build/stm32f1xx_hal.o
                0x08003018                HAL_GetTick
 .text.HAL_Delay
                0x08003024       0x28 build/stm32f1xx_hal.o
                0x08003024                HAL_Delay
 .text.RCC_Delay
                0x0800304c       0x2c build/stm32f1xx_hal_rcc.o
 .text.HAL_RCC_OscConfig
                0x08003078      0x414 build/stm32f1xx_hal_rcc.o
                0x08003078                HAL_RCC_OscConfig
 .text.HAL_RCC_GetSysClockFreq
                0x0800348c       0x6c build/stm32f1xx_hal_rcc.o
                0x0800348c                HAL_RCC_GetSysClockFreq
 .text.HAL_RCC_ClockConfig
                0x080034f8      0x16c build/stm32f1xx_hal_rcc.o
                0x080034f8                HAL_RCC_ClockConfig
 .text.HAL_RCC_GetHCLKFreq
                0x08003664        0xc build/stm32f1xx_hal_rcc.o
                0x08003664                HAL_RCC_GetHCLKFreq
 .text.HAL_RCC_GetPCLK1Freq
                0x08003670       0x20 build/stm32f1xx_hal_rcc.o
                0x08003670                HAL_RCC_GetPCLK1Freq
 .text.HAL_RCC_GetPCLK2Freq
                0x08003690       0x20 build/stm32f1xx_hal_rcc.o
                0x08003690                HAL_RCC_GetPCLK2Freq
 .text.HAL_RCCEx_GetPeriphCLKFreq
                0x080036b0       0xf4 build/stm32f1xx_hal_rcc_ex.o
                0x080036b0                HAL_RCCEx_GetPeriphCLKFreq
 .text.HAL_GPIO_Init
                0x080037a4      0x220 build/stm32f1xx_hal_gpio.o
                0x080037a4                HAL_GPIO_Init
 .text.HAL_GPIO_WritePin
                0x080039c4        0xc build/stm32f1xx_hal_gpio.o
                0x080039c4                HAL_GPIO_WritePin
 .text.HAL_GPIO_EXTI_IRQHandler
                0x080039d0       0x1c build/stm32f1xx_hal_gpio.o
                0x080039d0                HAL_GPIO_EXTI_IRQHandler
 .text.HAL_DMA_Abort_IT
                0x080039ec       0x98 build/stm32f1xx_hal_dma.o
                0x080039ec                HAL_DMA_Abort_IT
 .text.HAL_NVIC_SetPriorityGrouping
                0x08003a84       0x24 build/stm32f1xx_hal_cortex.o
                0x08003a84                HAL_NVIC_SetPriorityGrouping
 .text.HAL_NVIC_SetPriority
                0x08003aa8       0x68 build/stm32f1xx_hal_cortex.o
                0x08003aa8                HAL_NVIC_SetPriority
 .text.HAL_NVIC_EnableIRQ
                0x08003b10       0x1c build/stm32f1xx_hal_cortex.o
                0x08003b10                HAL_NVIC_EnableIRQ
 .text.HAL_SYSTICK_Config
                0x08003b2c       0x2c build/stm32f1xx_hal_cortex.o
                0x08003b2c                HAL_SYSTICK_Config
 .text.HAL_ADC_PollForConversion
                0x08003b58      0x16c build/stm32f1xx_hal_adc.o
                0x08003b58                HAL_ADC_PollForConversion
 .text.HAL_ADC_GetValue
                0x08003cc4        0x6 build/stm32f1xx_hal_adc.o
                0x08003cc4                HAL_ADC_GetValue
 *fill*         0x08003cca        0x2 
 .text.HAL_ADC_ConfigChannel
                0x08003ccc      0x138 build/stm32f1xx_hal_adc.o
                0x08003ccc                HAL_ADC_ConfigChannel
 .text.HAL_ADC_GetState
                0x08003e04        0x4 build/stm32f1xx_hal_adc.o
                0x08003e04                HAL_ADC_GetState
 .text.ADC_Enable
                0x08003e08       0x7c build/stm32f1xx_hal_adc.o
                0x08003e08                ADC_Enable
 .text.HAL_ADC_Start
                0x08003e84       0xe8 build/stm32f1xx_hal_adc.o
                0x08003e84                HAL_ADC_Start
 .text.ADC_ConversionStop_Disable
                0x08003f6c       0x4c build/stm32f1xx_hal_adc.o
                0x08003f6c                ADC_ConversionStop_Disable
 .text.HAL_ADC_Init
                0x08003fb8      0x108 build/stm32f1xx_hal_adc.o
                0x08003fb8                HAL_ADC_Init
 .text.SystemInit
                0x080040c0       0x4c build/system_stm32f1xx.o
                0x080040c0                SystemInit
 .text.msleep   0x0800410c       0x14 build/VX_swi2c.o
                0x0800410c                msleep
 .text.VXISI2CRead
                0x08004120       0x14 build/VX_swi2c.o
                0x08004120                VXISI2CRead
 .text.VXISI2CWrite
                0x08004134       0x18 build/VX_swi2c.o
                0x08004134                VXISI2CWrite
 .text.VS8812Read
                0x0800414c       0x14 build/VX_swi2c.o
                0x0800414c                VS8812Read
 .text.VS8812Write
                0x08004160       0x18 build/VX_swi2c.o
                0x08004160                VS8812Write
 .text.ReadEEP  0x08004178        0x8 build/VX_swi2c.o
                0x08004178                ReadEEP
 .text.WriteEEP
                0x08004180        0x8 build/VX_swi2c.o
                0x08004180                WriteEEP
 .text.I2CMultiWrite
                0x08004188        0xe build/VX_swi2c.o
                0x08004188                I2CMultiWrite
 .text.I2CMultiAttribute
                0x08004196       0x22 build/VX_swi2c.o
                0x08004196                I2CMultiAttribute
 .text.osd_cont_write
                0x080041b8       0x30 build/VX_swi2c.o
                0x080041b8                osd_cont_write
 .text.delay    0x080041e8       0x18 build/VX_swi2c.o
                0x080041e8                delay
 .text.tp28xx_byte_read
                0x08004200       0x14 build/VX_swi2c.o
                0x08004200                tp28xx_byte_read
 .text.tp28xx_byte_write
                0x08004214       0x14 build/VX_swi2c.o
                0x08004214                tp28xx_byte_write
 .text.delay1ms
                0x08004228        0x8 build/VX_swi2c.o
                0x08004228                delay1ms
 .text.GET_PCA9554PW
                0x08004230        0xc build/VX_swi2c.o
                0x08004230                GET_PCA9554PW
 .text.GET_LTC2451
                0x0800423c       0x58 build/VX_swi2c.o
                0x0800423c                GET_LTC2451
 .text.GET_ALC122
                0x08004294        0xc build/VX_swi2c.o
                0x08004294                GET_ALC122
 .text.SET_ALC122
                0x080042a0        0xe build/VX_swi2c.o
                0x080042a0                SET_ALC122
 .text.GET_nGT911
                0x080042ae       0x10 build/VX_swi2c.o
                0x080042ae                GET_nGT911
 .text.SET_nGT911
                0x080042be       0x10 build/VX_swi2c.o
                0x080042be                SET_nGT911
 *fill*         0x080042ce        0x2 
 .text.ClearDisplayedOSD
                0x080042d0       0x10 build/VX_OSD.o
                0x080042d0                ClearDisplayedOSD
 .text.SetDisplayedOSD
                0x080042e0       0x10 build/VX_OSD.o
                0x080042e0                SetDisplayedOSD
 .text.GetDisplayedOSD
                0x080042f0        0xc build/VX_OSD.o
                0x080042f0                GetDisplayedOSD
 .text.SetOsdStartAddress
                0x080042fc       0x2a build/VX_OSD.o
                0x080042fc                SetOsdStartAddress
 .text.SetOsdSize
                0x08004326       0xec build/VX_OSD.o
                0x08004326                SetOsdSize
 .text.SetOsdPosition
                0x08004412       0x70 build/VX_OSD.o
                0x08004412                SetOsdPosition
 *fill*         0x08004482        0x2 
 .text.OsdDumpString
                0x08004484       0x30 build/VX_OSD.o
                0x08004484                OsdDumpString
 .text.OsdDumpAttribute
                0x080044b4       0x34 build/VX_OSD.o
                0x080044b4                OsdDumpAttribute
 .text.OsdDumpAttributeHS
                0x080044e8       0x34 build/VX_OSD.o
                0x080044e8                OsdDumpAttributeHS
 .text.VXIS_fSetOsdOnOff
                0x0800451c       0x58 build/VX_OSD.o
                0x0800451c                VXIS_fSetOsdOnOff
 .text.VXIS_fSetContentOsdOnOff
                0x08004574       0x20 build/VX_OSD.o
                0x08004574                VXIS_fSetContentOsdOnOff
 .text.setTransParentIndex
                0x08004594       0x24 build/VX_OSD.o
                0x08004594                setTransParentIndex
 .text.GetconvertBarStr
                0x080045b8       0x7c build/VX_OSD_Simple.o
 .text.Mapping1
                0x08004634       0x4e build/VX_OSD_Simple.o
                0x08004634                Mapping1
 *fill*         0x08004682        0x2 
 .text.GetItemValue
                0x08004684      0x1d4 build/VX_OSD_Simple.o
                0x08004684                GetItemValue
 .text.SetOSDStep
                0x08004858       0xd4 build/VX_OSD_Simple.o
                0x08004858                SetOSDStep
 .text.GetOSDStep
                0x0800492c       0x4c build/VX_OSD_Simple.o
                0x0800492c                GetOSDStep
 .text.GetBackLightLevel
                0x08004978       0x2c build/VX_OSD_Simple.o
                0x08004978                GetBackLightLevel
 .text.ChangeVideoData
                0x080049a4      0x140 build/VX_OSD_Simple.o
                0x080049a4                ChangeVideoData
 .text.LoadVideoData
                0x08004ae4       0x8c build/VX_OSD_Simple.o
                0x08004ae4                LoadVideoData
 .text.Reset_OSD_SPEAKER
                0x08004b70       0xfc build/VX_OSD_Simple.o
                0x08004b70                Reset_OSD_SPEAKER
 .text.CloseOSDINFO
                0x08004c6c      0x1b0 build/VX_OSD_Simple.o
                0x08004c6c                CloseOSDINFO
 .text.DisplayVolumebar
                0x08004e1c      0x170 build/VX_OSD_Simple.o
                0x08004e1c                DisplayVolumebar
 .text.ShowGaugeOSD
                0x08004f8c      0x35c build/VX_OSD_Simple.o
                0x08004f8c                ShowGaugeOSD
 .text.ShowGrabberLinerOSD
                0x080052e8      0x32c build/VX_OSD_Simple.o
                0x080052e8                ShowGrabberLinerOSD
 .text.SetGarbberLinerMode
                0x08005614       0x78 build/VX_OSD_Simple.o
                0x08005614                SetGarbberLinerMode
 .text.CLRGrabberMessage
                0x0800568c       0x1c build/VX_OSD_Simple.o
                0x0800568c                CLRGrabberMessage
 .text.ShowCOCOSD2
                0x080056a8       0xb8 build/VX_OSD_Simple.o
                0x080056a8                ShowCOCOSD2
 .text.ShowJUMPOSD
                0x08005760      0x13c build/VX_OSD_Simple.o
                0x08005760                ShowJUMPOSD
 .text.ShowTRIGOSD
                0x0800589c       0xe0 build/VX_OSD_Simple.o
                0x0800589c                ShowTRIGOSD
 .text.VX_Write_OSD_In_OutString
                0x0800597c      0x930 build/VX_OSD_Simple.o
 .text.SetItemValue
                0x080062ac      0x874 build/VX_OSD_Simple.o
                0x080062ac                SetItemValue
 .text.DisplayOSDMenuOneItem
                0x08006b20      0x178 build/VX_OSD_Simple.o
                0x08006b20                DisplayOSDMenuOneItem
 .text.DrawMenulist
                0x08006c98       0xa8 build/VX_OSD_Simple.o
                0x08006c98                DrawMenulist
 .text.SET_CROSS_LINE
                0x08006d40       0x54 build/VX_OSD_Simple.o
                0x08006d40                SET_CROSS_LINE
 .text.SHOWOSDINFO
                0x08006d94       0xa0 build/VX_OSD_Simple.o
                0x08006d94                SHOWOSDINFO
 .text.CloseOSDMenu
                0x08006e34      0x16c build/VX_OSD_Simple.o
                0x08006e34                CloseOSDMenu
 .text.DoAction
                0x08006fa0      0x194 build/VX_OSD_Simple.o
                0x08006fa0                DoAction
 .text.DisplayVol
                0x08007134      0x110 build/VX_OSD_Simple.o
                0x08007134                DisplayVol
 .text.ShowOSDLOCK
                0x08007244       0xb8 build/VX_OSD_Simple.o
                0x08007244                ShowOSDLOCK
 .text.ShowOSDVersion
                0x080072fc       0xa0 build/VX_OSD_Simple.o
                0x080072fc                ShowOSDVersion
 .text.ShowTPMSOSD
                0x0800739c      0x35c build/VX_OSD_Simple.o
                0x0800739c                ShowTPMSOSD
 .text.ShowCOCOSD
                0x080076f8       0x8c build/VX_OSD_Simple.o
                0x080076f8                ShowCOCOSD
 .text.OpenOSDMenu
                0x08007784      0x17c build/VX_OSD_Simple.o
                0x08007784                OpenOSDMenu
 .text.OSDValueUpDn
                0x08007900       0x68 build/VX_OSD_Simple.o
                0x08007900                OSDValueUpDn
 .text.GetOSDMenu
                0x08007968       0x6c build/VX_OSD_Simple.o
                0x08007968                GetOSDMenu
 .text.TouchDisplayCursor
                0x080079d4      0x544 build/VX_OSD_Simple.o
                0x080079d4                TouchDisplayCursor
 .text.DisplayCursor
                0x08007f18       0x90 build/VX_OSD_Simple.o
                0x08007f18                DisplayCursor
 .text.OSDSelect
                0x08007fa8      0x2ec build/VX_OSD_Simple.o
                0x08007fa8                OSDSelect
 .text.GrabberModeTrigger
                0x08008294       0x78 build/VX_OSD_Simple.o
                0x08008294                GrabberModeTrigger
 .text.OSDCursorMove
                0x0800830c       0xa0 build/VX_OSD_Simple.o
                0x0800830c                OSDCursorMove
 .text.VXIS_fShowInOutMode
                0x080083ac       0xe4 build/VX_OSD_Simple.o
                0x080083ac                VXIS_fShowInOutMode
 .text.VXIS_fShowInOutMode0OSD
                0x08008490      0x10c build/VX_OSD_Simple.o
                0x08008490                VXIS_fShowInOutMode0OSD
 .text.OSD_Clear
                0x0800859c       0x88 build/VX_OSD_Simple.o
                0x0800859c                OSD_Clear
 .text.OSD_Clear_4
                0x08008624        0xa build/VX_OSD_Simple.o
                0x08008624                OSD_Clear_4
 .text.OSD_Clear_34
                0x0800862e       0x16 build/VX_OSD_Simple.o
                0x0800862e                OSD_Clear_34
 .text.OSD_Clear_234
                0x08008644       0x16 build/VX_OSD_Simple.o
                0x08008644                OSD_Clear_234
 .text.OSD_Clear_All
                0x0800865a       0x16 build/VX_OSD_Simple.o
                0x0800865a                OSD_Clear_All
 .text.VXOSD_UseFont_init
                0x08008670       0x48 build/VX_OSD_Simple.o
                0x08008670                VXOSD_UseFont_init
 .text.Get_WindowNum
                0x080086b8       0x34 build/VS4210.o
 .text.VS4210_FULL88init
                0x080086ec       0x20 build/VS4210.o
 .text.VS4210_init
                0x0800870c       0x44 build/VS4210.o
 .text.VS4210_init_Input_MODE1_w0
                0x08008750       0xe8 build/VS4210.o
 .text.VS4210_init_Input_MODE1_w0_mirrorH
                0x08008838       0xe8 build/VS4210.o
 .text.VS4210_init_Input_MODE1_w1
                0x08008920       0xe8 build/VS4210.o
 .text.VS4210_init_Input_MODE1_w1_mirrorH
                0x08008a08       0xe8 build/VS4210.o
 .text.VS4210_init_Input_MODE1_w2
                0x08008af0       0xe8 build/VS4210.o
 .text.VS4210_init_Input_MODE1_w2_mirrorH
                0x08008bd8       0xe8 build/VS4210.o
 .text.VS4210_init_Input_MODE1_w3
                0x08008cc0       0xe8 build/VS4210.o
 .text.VS4210_init_Input_MODE1_w3_mirrorH
                0x08008da8       0xe8 build/VS4210.o
 .text.VS4210_init_Input_MODE2_w0
                0x08008e90       0xe8 build/VS4210.o
 .text.VS4210_init_Input_MODE2_w0_mirrorH
                0x08008f78       0xe8 build/VS4210.o
 .text.VS4210_init_Input_MODE2_w1
                0x08009060       0xe8 build/VS4210.o
 .text.VS4210_init_Input_MODE2_w1_mirrorH
                0x08009148       0xe8 build/VS4210.o
 .text.VS4210_init_Input_MODE2_w2
                0x08009230       0xe8 build/VS4210.o
 .text.VS4210_init_Input_MODE2_w2_mirrorH
                0x08009318       0xe8 build/VS4210.o
 .text.VS4210_init_Input_MODE2_w3
                0x08009400       0xe8 build/VS4210.o
 .text.VS4210_init_Input_MODE2_w3_mirrorH
                0x080094e8       0xe8 build/VS4210.o
 .text.VS4210_init_Input_MODE8_w0
                0x080095d0       0xe8 build/VS4210.o
 .text.VS4210_init_Input_MODE8_w0_mirrorH
                0x080096b8       0xe8 build/VS4210.o
 .text.VS4210_init_Input_MODE8_w1
                0x080097a0       0xe8 build/VS4210.o
 .text.VS4210_init_Input_MODE8_w1_mirrorH
                0x08009888       0xe8 build/VS4210.o
 .text.VS4210_init_Input_MODE8_w2
                0x08009970       0xe8 build/VS4210.o
 .text.VS4210_init_Input_MODE8_w2_mirrorH
                0x08009a58       0xe8 build/VS4210.o
 .text.VS4210_init_Input_MODE10_w0
                0x08009b40       0xe8 build/VS4210.o
 .text.VS4210_init_Input_MODE10_w0_mirrorH
                0x08009c28       0xe8 build/VS4210.o
 .text.VS4210_init_Input_MODE10_w1
                0x08009d10       0xe8 build/VS4210.o
 .text.VS4210_init_Input_MODE10_w1_mirrorH
                0x08009df8       0xe8 build/VS4210.o
 .text.VS4210_init_Input_MODE10_w2
                0x08009ee0       0xe8 build/VS4210.o
 .text.VS4210_init_Input_MODE10_w2_mirrorH
                0x08009fc8       0xe8 build/VS4210.o
 .text.VS4210_init_Input_MODE9_w0
                0x0800a0b0       0xe8 build/VS4210.o
 .text.VS4210_init_Input_MODE9_w0_mirrorH
                0x0800a198       0xe8 build/VS4210.o
 .text.VS4210_init_Input_MODE9_w1
                0x0800a280       0xe8 build/VS4210.o
 .text.VS4210_init_Input_MODE9_w1_mirrorH
                0x0800a368       0xe8 build/VS4210.o
 .text.VS4210_init_Input_MODE9_w2
                0x0800a450       0xe8 build/VS4210.o
 .text.VS4210_init_Input_MODE9_w2_mirrorH
                0x0800a538       0xe8 build/VS4210.o
 .text.VS4210_init_Input_MODE12_w0
                0x0800a620       0xe8 build/VS4210.o
 .text.VS4210_init_Input_MODE12_w0_mirrorH
                0x0800a708       0xe8 build/VS4210.o
 .text.VS4210_init_Input_MODE12_w1
                0x0800a7f0       0xe8 build/VS4210.o
 .text.VS4210_init_Input_MODE12_w1_mirrorH
                0x0800a8d8       0xe8 build/VS4210.o
 .text.VS4210_init_Input_MODE14_w0
                0x0800a9c0       0xe8 build/VS4210.o
 .text.VS4210_init_Input_MODE14_w0_mirrorH
                0x0800aaa8       0xe8 build/VS4210.o
 .text.VS4210_init_Input_MODE14_w1
                0x0800ab90       0xe8 build/VS4210.o
 .text.VS4210_init_Input_MODE14_w1_mirrorH
                0x0800ac78       0xe8 build/VS4210.o
 .text.VS4210_init_Input_MODE14_w2
                0x0800ad60       0xe8 build/VS4210.o
 .text.VS4210_init_Input_MODE14_w2_mirrorH
                0x0800ae48       0xe8 build/VS4210.o
 .text.VS4210_init_Input_MODE88
                0x0800af30       0x70 build/VS4210.o
                0x0800af30                VS4210_init_Input_MODE88
 .text.VS4210_Line_Clear
                0x0800afa0       0x14 build/VS4210.o
                0x0800afa0                VS4210_Line_Clear
 .text.VS4210_Line_Draw
                0x0800afb4      0x378 build/VS4210.o
                0x0800afb4                VS4210_Line_Draw
 .text.VS4210_SwitchChannel
                0x0800b32c       0x36 build/VS4210.o
                0x0800b32c                VS4210_SwitchChannel
 .text.VS4210_SetCamMirror
                0x0800b362       0x3a build/VS4210.o
                0x0800b362                VS4210_SetCamMirror
 .text.VS4210_ResetCamMirror
                0x0800b39c      0x120 build/VS4210.o
                0x0800b39c                VS4210_ResetCamMirror
 .text.VS4210_CloseWindowsX
                0x0800b4bc       0x46 build/VS4210.o
                0x0800b4bc                VS4210_CloseWindowsX
 .text.VS4210_CloseAllWindows
                0x0800b502       0x4a build/VS4210.o
                0x0800b502                VS4210_CloseAllWindows
 .text.VS4210_ch0_NoSignal_Rst
                0x0800b54c       0x68 build/VS4210.o
                0x0800b54c                VS4210_ch0_NoSignal_Rst
 .text.VS4210_OpenWindowsX
                0x0800b5b4       0x84 build/VS4210.o
                0x0800b5b4                VS4210_OpenWindowsX
 .text.VS4210_clearAllsignal
                0x0800b638       0x48 build/VS4210.o
                0x0800b638                VS4210_clearAllsignal
 .text.VS4210_displayoff
                0x0800b680       0x1c build/VS4210.o
                0x0800b680                VS4210_displayoff
 .text.VS4210_init_Input_MODE0_w0
                0x0800b69c      0x104 build/VS4210.o
 .text.VS4210_init_Input_MODE0_w0_mirrorH
                0x0800b7a0      0x104 build/VS4210.o
 .text.VS4210_displayon
                0x0800b8a4       0x18 build/VS4210.o
                0x0800b8a4                VS4210_displayon
 .text.VS4210_init_mode
                0x0800b8bc      0x45c build/VS4210.o
                0x0800b8bc                VS4210_init_mode
 .text.VS4210_SetInModeOutMode
                0x0800bd18      0x180 build/VS4210.o
                0x0800bd18                VS4210_SetInModeOutMode
 .text.VS4210_StartInit
                0x0800be98       0xd8 build/VS4210.o
                0x0800be98                VS4210_StartInit
 .text.VS4210_No_Signal_Init
                0x0800bf70       0x24 build/VS4210.o
                0x0800bf70                VS4210_No_Signal_Init
 .text.VS4210_Rx_NoSignal
                0x0800bf94       0xb8 build/VS4210.o
                0x0800bf94                VS4210_Rx_NoSignal
 .text.VS4210_PowerDown
                0x0800c04c        0xc build/VS4210.o
                0x0800c04c                VS4210_PowerDown
 .text.VS4210_PowerResume
                0x0800c058        0xc build/VS4210.o
                0x0800c058                VS4210_PowerResume
 .text.VS4210_SetMutiWindows
                0x0800c064      0x678 build/VS4210.o
                0x0800c064                VS4210_SetMutiWindows
 .text.tp2824_reset_default
                0x0800c6dc        0xc build/TP2802.o
 .text.tp28xx_SYSCLK_V1
                0x0800c6e8       0x2c build/TP2802.o
 .text.tp28xx_SYSCLK_V2
                0x0800c714       0x30 build/TP2802.o
 .text.tp2853C_reset_default
                0x0800c744       0x34 build/TP2802.o
 .text.TP28xx_reset_default
                0x0800c778       0x26 build/TP2802.o
 .text.I2CDeviceSet1
                0x0800c79e       0x1c build/TP2802.o
                0x0800c79e                I2CDeviceSet1
 .text.I2CDeviceSet2
                0x0800c7ba       0x20 build/TP2802.o
                0x0800c7ba                I2CDeviceSet2
 .text.SetRegPage
                0x0800c7da        0xc build/TP2802.o
                0x0800c7da                SetRegPage
 *fill*         0x0800c7e6        0x2 
 .text.Set_VidRes
                0x0800c7e8      0x2a4 build/TP2802.o
                0x0800c7e8                Set_VidRes
 .text.Set_HDA  0x0800ca8c       0xbc build/TP2802.o
                0x0800ca8c                Set_HDA
 .text.Set_HDC  0x0800cb48       0xb0 build/TP2802.o
                0x0800cb48                Set_HDC
 .text.ManualAGC
                0x0800cbf8       0x68 build/TP2802.o
                0x0800cbf8                ManualAGC
 .text.ReadGain
                0x0800cc60       0x12 build/TP2802.o
                0x0800cc60                ReadGain
 *fill*         0x0800cc72        0x2 
 .text.SetCGain
                0x0800cc74       0xb0 build/TP2802.o
                0x0800cc74                SetCGain
 .text.INPUT_VIDEO_CHECK
                0x0800cd24      0x110 build/TP2802.o
                0x0800cd24                INPUT_VIDEO_CHECK
 .text.SETChannelReset
                0x0800ce34       0x58 build/TP2802.o
                0x0800ce34                SETChannelReset
 .text.EQ_Detect
                0x0800ce8c      0xcb8 build/TP2802.o
                0x0800ce8c                EQ_Detect
 .text.Set_PLL_StartUp
                0x0800db44       0x22 build/TP2802.o
                0x0800db44                Set_PLL_StartUp
 *fill*         0x0800db66        0x2 
 .text.Init_TP280x_CHx_RegSet
                0x0800db68      0x7b0 build/TP2802.o
                0x0800db68                Init_TP280x_CHx_RegSet
 .text.Boot_Trigger_Function
                0x0800e318       0x68 build/TP2802.o
                0x0800e318                Boot_Trigger_Function
 .text.Init_TP280x_RegSet
                0x0800e380      0x278 build/TP2802.o
                0x0800e380                Init_TP280x_RegSet
 .text.AHDBitsReverse
                0x0800e5f8       0x52 build/TP2802.o
                0x0800e5f8                AHDBitsReverse
 *fill*         0x0800e64a        0x2 
 .text.TVICommandToAHData
                0x0800e64c      0x15c build/TP2802.o
                0x0800e64c                TVICommandToAHData
 .text.Get_2824cIrq
                0x0800e7a8      0x454 build/TP2802.o
                0x0800e7a8                Get_2824cIrq
 .text.SetCOCCom
                0x0800ebfc      0x1f0 build/TP2802.o
                0x0800ebfc                SetCOCCom
 .text.TVI_BOX_Set
                0x0800edec       0x90 build/TP2802.o
                0x0800edec                TVI_BOX_Set
 .text.RS_ready
                0x0800ee7c       0x1c build/monitor.o
                0x0800ee7c                RS_ready
 .text.RS_rx    0x0800ee98       0x24 build/monitor.o
                0x0800ee98                RS_rx
 .text.RS_tx    0x0800eebc       0x14 build/monitor.o
                0x0800eebc                RS_tx
 .text.Prompt   0x0800eed0       0x90 build/monitor.o
                0x0800eed0                Prompt
 .text.Mon_tx   0x0800ef60        0x8 build/monitor.o
                0x0800ef60                Mon_tx
 .text.Asc1Bin  0x0800ef68       0x2e build/monitor.o
                0x0800ef68                Asc1Bin
 .text.Asc2Bin  0x0800ef96       0x1e build/monitor.o
                0x0800ef96                Asc2Bin
 .text.hs_toupper
                0x0800efb4       0x12 build/monitor.o
                0x0800efb4                hs_toupper
 .text.stricmp  0x0800efc6       0x20 build/monitor.o
                0x0800efc6                stricmp
 *fill*         0x0800efe6        0x2 
 .text.MonIncDecI2C
                0x0800efe8       0xec build/monitor.o
                0x0800efe8                MonIncDecI2C
 .text.MonHelp  0x0800f0d4       0xd0 build/monitor.o
                0x0800f0d4                MonHelp
 .text.MonGetCommand
                0x0800f1a4      0x278 build/monitor.o
                0x0800f1a4                MonGetCommand
 .text.Monitor  0x0800f41c      0xf9c build/monitor.o
                0x0800f41c                Monitor
 .text.DoPrint  0x080103b8      0x230 build/Printf.o
                0x080103b8                DoPrint
 .text.Printf   0x080105e8       0x1c build/Printf.o
                0x080105e8                Printf
 .text.DEBUG_MESSAGE
                0x08010604       0x1c build/Printf.o
                0x08010604                DEBUG_MESSAGE
 .text.GraphicsPrint
                0x08010620       0x40 build/Printf.o
                0x08010620                GraphicsPrint
 .text.MCUTimerDelayXms
                0x08010660       0x24 build/SysTimer.o
                0x08010660                MCUTimerDelayXms
 .text.MCUTimerGetEventTime
                0x08010684       0x10 build/SysTimer.o
                0x08010684                MCUTimerGetEventTime
 .text.MCUTimerGetEventID
                0x08010694       0x10 build/SysTimer.o
                0x08010694                MCUTimerGetEventID
 .text.MCUTimerClrEventValid
                0x080106a4       0x14 build/SysTimer.o
                0x080106a4                MCUTimerClrEventValid
 .text.MCUTimerCheckEventValid
                0x080106b8       0x10 build/SysTimer.o
                0x080106b8                MCUTimerCheckEventValid
 .text.MCUTimerGetTimerCounter
                0x080106c8       0x1c build/SysTimer.o
                0x080106c8                MCUTimerGetTimerCounter
 .text.MCUTimerCheckTimerEvent
                0x080106e4       0x6c build/SysTimer.o
                0x080106e4                MCUTimerCheckTimerEvent
 .text.MCUTimerInitialTimerEvent
                0x08010750       0x20 build/SysTimer.o
                0x08010750                MCUTimerInitialTimerEvent
 .text.MCUTimerActiveTimerEvent
                0x08010770       0x74 build/SysTimer.o
                0x08010770                MCUTimerActiveTimerEvent
 .text.MCUTimerCancelTimerEvent
                0x080107e4       0x3c build/SysTimer.o
                0x080107e4                MCUTimerCancelTimerEvent
 .text.MCUTimerReactiveTimerEvent
                0x08010820       0x78 build/SysTimer.o
                0x08010820                MCUTimerReactiveTimerEvent
 .text.PowerLED
                0x08010898       0x68 build/SysTimer.o
                0x08010898                PowerLED
 .text.UserInterfaceTimerEventProc
                0x08010900      0x1a8 build/SysTimer.o
                0x08010900                UserInterfaceTimerEventProc
 .text.ShowWorkingTimer
                0x08010aa8       0x84 build/SysTimer.o
                0x08010aa8                ShowWorkingTimer
 .text.SysTimerEventProc
                0x08010b2c      0x54c build/SysTimer.o
                0x08010b2c                SysTimerEventProc
 .text.SysTimerHandler
                0x08011078       0x48 build/SysTimer.o
                0x08011078                SysTimerHandler
 .text.GetFWRevEE
                0x080110c0       0x4c build/etc_eep.o
                0x080110c0                GetFWRevEE
 .text.SaveFWRevEE
                0x0801110c       0x38 build/etc_eep.o
                0x0801110c                SaveFWRevEE
 .text.ResetOSDValue
                0x08011144      0x2ac build/etc_eep.o
                0x08011144                ResetOSDValue
 .text.ClearBasicEE
                0x080113f0       0x24 build/etc_eep.o
                0x080113f0                ClearBasicEE
 .text.GetAudioVolEE
                0x08011414        0xa build/etc_eep.o
                0x08011414                GetAudioVolEE
 .text.SetAudioVolEE
                0x0801141e        0xc build/etc_eep.o
                0x0801141e                SetAudioVolEE
 *fill*         0x0801142a        0x2 
 .text.BOX_SELECT_CHANNEL
                0x0801142c       0x74 build/keyremo.o
                0x0801142c                BOX_SELECT_CHANNEL
 .text.BOX_SET_CHANNEL
                0x080114a0       0x34 build/keyremo.o
                0x080114a0                BOX_SET_CHANNEL
 .text.TouchSliderSetSelectMode
                0x080114d4      0x1d8 build/keyremo.o
                0x080114d4                TouchSliderSetSelectMode
 .text.TouchSetSelectMode
                0x080116ac      0x234 build/keyremo.o
                0x080116ac                TouchSetSelectMode
 .text.TouchResetSelectMode
                0x080118e0       0xb8 build/keyremo.o
                0x080118e0                TouchResetSelectMode
 .text.GetKey   0x08011998       0xa8 build/keyremo.o
                0x08011998                GetKey
 .text.SetSelectCAMRD
                0x08011a40      0x230 build/keyremo.o
                0x08011a40                SetSelectCAMRD
 .text.SEQMode  0x08011c70       0xac build/keyremo.o
                0x08011c70                SEQMode
 .text.SetJumpMode
                0x08011d1c      0x18c build/keyremo.o
                0x08011d1c                SetJumpMode
 .text.SetSelectMode
                0x08011ea8      0x1ec build/keyremo.o
                0x08011ea8                SetSelectMode
 .text.CheckKeyIn
                0x08012094      0x784 build/keyremo.o
                0x08012094                CheckKeyIn
 .text.CheckCAMDInputVideo
                0x08012818       0x3c build/keyremo.o
                0x08012818                CheckCAMDInputVideo
 .text.SetNowMode
                0x08012854      0x174 build/keyremo.o
                0x08012854                SetNowMode
 .text.SetRearSource
                0x080129c8       0xa4 build/keyremo.o
                0x080129c8                SetRearSource
 .text.SetLeftSource
                0x08012a6c       0x94 build/keyremo.o
                0x08012a6c                SetLeftSource
 .text.SetTriggerDSource
                0x08012b00       0x44 build/keyremo.o
                0x08012b00                SetTriggerDSource
 .text.SetTriggerCSource
                0x08012b44       0x98 build/keyremo.o
                0x08012b44                SetTriggerCSource
 .text.SetRightSource
                0x08012bdc       0x94 build/keyremo.o
                0x08012bdc                SetRightSource
 .text.CheckTrigger
                0x08012c70      0x5a8 build/keyremo.o
                0x08012c70                CheckTrigger
 .text.TriggerHandler
                0x08013218      0x248 build/keyremo.o
                0x08013218                TriggerHandler
 .text.CheckTouchScreen
                0x08013460      0x2e4 build/keyremo.o
                0x08013460                CheckTouchScreen
 .text.COMMAND_OSD
                0x08013744      0x344 build/keyremo.o
                0x08013744                COMMAND_OSD
 .text.ChangeVol
                0x08013a88       0x8c build/audio.o
                0x08013a88                ChangeVol
 .text.AudioMute
                0x08013b14       0x1a build/audio.o
                0x08013b14                AudioMute
 *fill*         0x08013b2e        0x2 
 .text.AUDIO_SELECT
                0x08013b30       0xbc build/audio.o
                0x08013b30                AUDIO_SELECT
 .text.AUDIO_SELECT_MUTE
                0x08013bec       0xc8 build/audio.o
                0x08013bec                AUDIO_SELECT_MUTE
 .text.TOUCH_ADDR_OFFSET
                0x08013cb4       0xd0 build/GT911.o
                0x08013cb4                TOUCH_ADDR_OFFSET
 .text.Touch_Screen_Handler
                0x08013d84      0x434 build/GT911.o
                0x08013d84                Touch_Screen_Handler
 .text.SET_VX8812_SD_Video_Out
                0x080141b8      0xdec build/VX8812.o
                0x080141b8                SET_VX8812_SD_Video_Out
 .text.Reset_Handler
                0x08014fa4       0x48 build/startup_stm32f103xb.o
                0x08014fa4                Reset_Handler
 .text.Default_Handler
                0x08014fec        0x2 build/startup_stm32f103xb.o
                0x08014fec                RTC_Alarm_IRQHandler
                0x08014fec                EXTI2_IRQHandler
                0x08014fec                TIM1_CC_IRQHandler
                0x08014fec                PVD_IRQHandler
                0x08014fec                EXTI3_IRQHandler
                0x08014fec                I2C2_EV_IRQHandler
                0x08014fec                ADC1_2_IRQHandler
                0x08014fec                SPI1_IRQHandler
                0x08014fec                TAMPER_IRQHandler
                0x08014fec                DMA1_Channel4_IRQHandler
                0x08014fec                USART3_IRQHandler
                0x08014fec                RTC_IRQHandler
                0x08014fec                DMA1_Channel7_IRQHandler
                0x08014fec                CAN1_RX1_IRQHandler
                0x08014fec                TIM4_IRQHandler
                0x08014fec                I2C1_EV_IRQHandler
                0x08014fec                DMA1_Channel6_IRQHandler
                0x08014fec                RCC_IRQHandler
                0x08014fec                TIM1_TRG_COM_IRQHandler
                0x08014fec                DMA1_Channel1_IRQHandler
                0x08014fec                Default_Handler
                0x08014fec                EXTI15_10_IRQHandler
                0x08014fec                EXTI9_5_IRQHandler
                0x08014fec                SPI2_IRQHandler
                0x08014fec                DMA1_Channel5_IRQHandler
                0x08014fec                EXTI4_IRQHandler
                0x08014fec                USB_LP_CAN1_RX0_IRQHandler
                0x08014fec                USB_HP_CAN1_TX_IRQHandler
                0x08014fec                DMA1_Channel3_IRQHandler
                0x08014fec                TIM1_UP_IRQHandler
                0x08014fec                WWDG_IRQHandler
                0x08014fec                TIM2_IRQHandler
                0x08014fec                TIM1_BRK_IRQHandler
                0x08014fec                EXTI1_IRQHandler
                0x08014fec                I2C2_ER_IRQHandler
                0x08014fec                DMA1_Channel2_IRQHandler
                0x08014fec                CAN1_SCE_IRQHandler
                0x08014fec                FLASH_IRQHandler
                0x08014fec                I2C1_ER_IRQHandler
                0x08014fec                USBWakeUp_IRQHandler
 *fill*         0x08014fee        0x2 
 .text.__errno  0x08014ff0        0xc c:/program files (x86)/gnu tools arm embedded/9 2019-q4-major/bin/../lib/gcc/arm-none-eabi/9.2.1/../../../../arm-none-eabi/lib/thumb/v7-m/nofp\libc_nano.a(lib_a-errno.o)
                0x08014ff0                __errno
 .text.__libc_init_array
                0x08014ffc       0x48 c:/program files (x86)/gnu tools arm embedded/9 2019-q4-major/bin/../lib/gcc/arm-none-eabi/9.2.1/../../../../arm-none-eabi/lib/thumb/v7-m/nofp\libc_nano.a(lib_a-init.o)
                0x08014ffc                __libc_init_array
 .text.memcpy   0x08015044       0x1c c:/program files (x86)/gnu tools arm embedded/9 2019-q4-major/bin/../lib/gcc/arm-none-eabi/9.2.1/../../../../arm-none-eabi/lib/thumb/v7-m/nofp\libc_nano.a(lib_a-memcpy-stub.o)
                0x08015044                memcpy
 .text.memset   0x08015060       0x10 c:/program files (x86)/gnu tools arm embedded/9 2019-q4-major/bin/../lib/gcc/arm-none-eabi/9.2.1/../../../../arm-none-eabi/lib/thumb/v7-m/nofp\libc_nano.a(lib_a-memset.o)
                0x08015060                memset
 .text.printf   0x08015070       0x30 c:/program files (x86)/gnu tools arm embedded/9 2019-q4-major/bin/../lib/gcc/arm-none-eabi/9.2.1/../../../../arm-none-eabi/lib/thumb/v7-m/nofp\libc_nano.a(lib_a-printf.o)
                0x08015070                iprintf
                0x08015070                printf
 .text._puts_r  0x080150a0       0xdc c:/program files (x86)/gnu tools arm embedded/9 2019-q4-major/bin/../lib/gcc/arm-none-eabi/9.2.1/../../../../arm-none-eabi/lib/thumb/v7-m/nofp\libc_nano.a(lib_a-puts.o)
                0x080150a0                _puts_r
 .text.puts     0x0801517c       0x10 c:/program files (x86)/gnu tools arm embedded/9 2019-q4-major/bin/../lib/gcc/arm-none-eabi/9.2.1/../../../../arm-none-eabi/lib/thumb/v7-m/nofp\libc_nano.a(lib_a-puts.o)
                0x0801517c                puts
 .text.__swbuf_r
                0x0801518c       0xa4 c:/program files (x86)/gnu tools arm embedded/9 2019-q4-major/bin/../lib/gcc/arm-none-eabi/9.2.1/../../../../arm-none-eabi/lib/thumb/v7-m/nofp\libc_nano.a(lib_a-wbuf.o)
                0x0801518c                __swbuf_r
 .text.__swsetup_r
                0x08015230       0xdc c:/program files (x86)/gnu tools arm embedded/9 2019-q4-major/bin/../lib/gcc/arm-none-eabi/9.2.1/../../../../arm-none-eabi/lib/thumb/v7-m/nofp\libc_nano.a(lib_a-wsetup.o)
                0x08015230                __swsetup_r
 .text.__sflush_r
                0x0801530c      0x10c c:/program files (x86)/gnu tools arm embedded/9 2019-q4-major/bin/../lib/gcc/arm-none-eabi/9.2.1/../../../../arm-none-eabi/lib/thumb/v7-m/nofp\libc_nano.a(lib_a-fflush.o)
                0x0801530c                __sflush_r
 .text._fflush_r
                0x08015418       0x78 c:/program files (x86)/gnu tools arm embedded/9 2019-q4-major/bin/../lib/gcc/arm-none-eabi/9.2.1/../../../../arm-none-eabi/lib/thumb/v7-m/nofp\libc_nano.a(lib_a-fflush.o)
                0x08015418                _fflush_r
 .text.std      0x08015490       0x48 c:/program files (x86)/gnu tools arm embedded/9 2019-q4-major/bin/../lib/gcc/arm-none-eabi/9.2.1/../../../../arm-none-eabi/lib/thumb/v7-m/nofp\libc_nano.a(lib_a-findfp.o)
 .text._cleanup_r
                0x080154d8        0xc c:/program files (x86)/gnu tools arm embedded/9 2019-q4-major/bin/../lib/gcc/arm-none-eabi/9.2.1/../../../../arm-none-eabi/lib/thumb/v7-m/nofp\libc_nano.a(lib_a-findfp.o)
                0x080154d8                _cleanup_r
 .text.__sfmoreglue
                0x080154e4       0x2c c:/program files (x86)/gnu tools arm embedded/9 2019-q4-major/bin/../lib/gcc/arm-none-eabi/9.2.1/../../../../arm-none-eabi/lib/thumb/v7-m/nofp\libc_nano.a(lib_a-findfp.o)
                0x080154e4                __sfmoreglue
 .text.__sfp_lock_acquire
                0x08015510        0xc c:/program files (x86)/gnu tools arm embedded/9 2019-q4-major/bin/../lib/gcc/arm-none-eabi/9.2.1/../../../../arm-none-eabi/lib/thumb/v7-m/nofp\libc_nano.a(lib_a-findfp.o)
                0x08015510                __sfp_lock_acquire
 .text.__sfp_lock_release
                0x0801551c        0xc c:/program files (x86)/gnu tools arm embedded/9 2019-q4-major/bin/../lib/gcc/arm-none-eabi/9.2.1/../../../../arm-none-eabi/lib/thumb/v7-m/nofp\libc_nano.a(lib_a-findfp.o)
                0x0801551c                __sfp_lock_release
 .text.__sinit_lock_acquire
                0x08015528        0xc c:/program files (x86)/gnu tools arm embedded/9 2019-q4-major/bin/../lib/gcc/arm-none-eabi/9.2.1/../../../../arm-none-eabi/lib/thumb/v7-m/nofp\libc_nano.a(lib_a-findfp.o)
                0x08015528                __sinit_lock_acquire
 .text.__sinit_lock_release
                0x08015534        0xc c:/program files (x86)/gnu tools arm embedded/9 2019-q4-major/bin/../lib/gcc/arm-none-eabi/9.2.1/../../../../arm-none-eabi/lib/thumb/v7-m/nofp\libc_nano.a(lib_a-findfp.o)
                0x08015534                __sinit_lock_release
 .text.__sinit  0x08015540       0x70 c:/program files (x86)/gnu tools arm embedded/9 2019-q4-major/bin/../lib/gcc/arm-none-eabi/9.2.1/../../../../arm-none-eabi/lib/thumb/v7-m/nofp\libc_nano.a(lib_a-findfp.o)
                0x08015540                __sinit
 .text.__sfp    0x080155b0       0x8c c:/program files (x86)/gnu tools arm embedded/9 2019-q4-major/bin/../lib/gcc/arm-none-eabi/9.2.1/../../../../arm-none-eabi/lib/thumb/v7-m/nofp\libc_nano.a(lib_a-findfp.o)
                0x080155b0                __sfp
 .text._fwalk_reent
                0x0801563c       0x3e c:/program files (x86)/gnu tools arm embedded/9 2019-q4-major/bin/../lib/gcc/arm-none-eabi/9.2.1/../../../../arm-none-eabi/lib/thumb/v7-m/nofp\libc_nano.a(lib_a-fwalk.o)
                0x0801563c                _fwalk_reent
 .text.__retarget_lock_init_recursive
                0x0801567a        0x2 c:/program files (x86)/gnu tools arm embedded/9 2019-q4-major/bin/../lib/gcc/arm-none-eabi/9.2.1/../../../../arm-none-eabi/lib/thumb/v7-m/nofp\libc_nano.a(lib_a-lock.o)
                0x0801567a                __retarget_lock_init_recursive
 .text.__retarget_lock_acquire_recursive
                0x0801567c        0x2 c:/program files (x86)/gnu tools arm embedded/9 2019-q4-major/bin/../lib/gcc/arm-none-eabi/9.2.1/../../../../arm-none-eabi/lib/thumb/v7-m/nofp\libc_nano.a(lib_a-lock.o)
                0x0801567c                __retarget_lock_acquire_recursive
 .text.__retarget_lock_release_recursive
                0x0801567e        0x2 c:/program files (x86)/gnu tools arm embedded/9 2019-q4-major/bin/../lib/gcc/arm-none-eabi/9.2.1/../../../../arm-none-eabi/lib/thumb/v7-m/nofp\libc_nano.a(lib_a-lock.o)
                0x0801567e                __retarget_lock_release_recursive
 .text.__swhatbuf_r
                0x08015680       0x48 c:/program files (x86)/gnu tools arm embedded/9 2019-q4-major/bin/../lib/gcc/arm-none-eabi/9.2.1/../../../../arm-none-eabi/lib/thumb/v7-m/nofp\libc_nano.a(lib_a-makebuf.o)
                0x08015680                __swhatbuf_r
 .text.__smakebuf_r
                0x080156c8       0x80 c:/program files (x86)/gnu tools arm embedded/9 2019-q4-major/bin/../lib/gcc/arm-none-eabi/9.2.1/../../../../arm-none-eabi/lib/thumb/v7-m/nofp\libc_nano.a(lib_a-makebuf.o)
                0x080156c8                __smakebuf_r
 .text._free_r  0x08015748       0x98 c:/program files (x86)/gnu tools arm embedded/9 2019-q4-major/bin/../lib/gcc/arm-none-eabi/9.2.1/../../../../arm-none-eabi/lib/thumb/v7-m/nofp\libc_nano.a(lib_a-nano-freer.o)
                0x08015748                _free_r
 .text._malloc_r
                0x080157e0       0xb4 c:/program files (x86)/gnu tools arm embedded/9 2019-q4-major/bin/../lib/gcc/arm-none-eabi/9.2.1/../../../../arm-none-eabi/lib/thumb/v7-m/nofp\libc_nano.a(lib_a-nano-mallocr.o)
                0x080157e0                _malloc_r
 .text.__sfputc_r
                0x08015894       0x2a c:/program files (x86)/gnu tools arm embedded/9 2019-q4-major/bin/../lib/gcc/arm-none-eabi/9.2.1/../../../../arm-none-eabi/lib/thumb/v7-m/nofp\libc_nano.a(lib_a-nano-vfprintf.o)
 .text.__sfputs_r
                0x080158be       0x24 c:/program files (x86)/gnu tools arm embedded/9 2019-q4-major/bin/../lib/gcc/arm-none-eabi/9.2.1/../../../../arm-none-eabi/lib/thumb/v7-m/nofp\libc_nano.a(lib_a-nano-vfprintf.o)
                0x080158be                __sfputs_r
 *fill*         0x080158e2        0x2 
 .text._vfprintf_r
                0x080158e4      0x260 c:/program files (x86)/gnu tools arm embedded/9 2019-q4-major/bin/../lib/gcc/arm-none-eabi/9.2.1/../../../../arm-none-eabi/lib/thumb/v7-m/nofp\libc_nano.a(lib_a-nano-vfprintf.o)
                0x080158e4                _vfprintf_r
                0x080158e4                _vfiprintf_r
 .text._printf_common
                0x08015b44       0xde c:/program files (x86)/gnu tools arm embedded/9 2019-q4-major/bin/../lib/gcc/arm-none-eabi/9.2.1/../../../../arm-none-eabi/lib/thumb/v7-m/nofp\libc_nano.a(lib_a-nano-vfprintf_i.o)
                0x08015b44                _printf_common
 *fill*         0x08015c22        0x2 
 .text._printf_i
                0x08015c24      0x24c c:/program files (x86)/gnu tools arm embedded/9 2019-q4-major/bin/../lib/gcc/arm-none-eabi/9.2.1/../../../../arm-none-eabi/lib/thumb/v7-m/nofp\libc_nano.a(lib_a-nano-vfprintf_i.o)
                0x08015c24                _printf_i
 .text._sbrk_r  0x08015e70       0x20 c:/program files (x86)/gnu tools arm embedded/9 2019-q4-major/bin/../lib/gcc/arm-none-eabi/9.2.1/../../../../arm-none-eabi/lib/thumb/v7-m/nofp\libc_nano.a(lib_a-sbrkr.o)
                0x08015e70                _sbrk_r
 .text.__sread  0x08015e90       0x22 c:/program files (x86)/gnu tools arm embedded/9 2019-q4-major/bin/../lib/gcc/arm-none-eabi/9.2.1/../../../../arm-none-eabi/lib/thumb/v7-m/nofp\libc_nano.a(lib_a-stdio.o)
                0x08015e90                __sread
 .text.__swrite
                0x08015eb2       0x38 c:/program files (x86)/gnu tools arm embedded/9 2019-q4-major/bin/../lib/gcc/arm-none-eabi/9.2.1/../../../../arm-none-eabi/lib/thumb/v7-m/nofp\libc_nano.a(lib_a-stdio.o)
                0x08015eb2                __swrite
 .text.__sseek  0x08015eea       0x24 c:/program files (x86)/gnu tools arm embedded/9 2019-q4-major/bin/../lib/gcc/arm-none-eabi/9.2.1/../../../../arm-none-eabi/lib/thumb/v7-m/nofp\libc_nano.a(lib_a-stdio.o)
                0x08015eea                __sseek
 .text.__sclose
                0x08015f0e        0x8 c:/program files (x86)/gnu tools arm embedded/9 2019-q4-major/bin/../lib/gcc/arm-none-eabi/9.2.1/../../../../arm-none-eabi/lib/thumb/v7-m/nofp\libc_nano.a(lib_a-stdio.o)
                0x08015f0e                __sclose
 *fill*         0x08015f16        0x2 
 .text._write_r
                0x08015f18       0x24 c:/program files (x86)/gnu tools arm embedded/9 2019-q4-major/bin/../lib/gcc/arm-none-eabi/9.2.1/../../../../arm-none-eabi/lib/thumb/v7-m/nofp\libc_nano.a(lib_a-writer.o)
                0x08015f18                _write_r
 .text._close_r
                0x08015f3c       0x20 c:/program files (x86)/gnu tools arm embedded/9 2019-q4-major/bin/../lib/gcc/arm-none-eabi/9.2.1/../../../../arm-none-eabi/lib/thumb/v7-m/nofp\libc_nano.a(lib_a-closer.o)
                0x08015f3c                _close_r
 .text._fstat_r
                0x08015f5c       0x24 c:/program files (x86)/gnu tools arm embedded/9 2019-q4-major/bin/../lib/gcc/arm-none-eabi/9.2.1/../../../../arm-none-eabi/lib/thumb/v7-m/nofp\libc_nano.a(lib_a-fstatr.o)
                0x08015f5c                _fstat_r
 .text._isatty_r
                0x08015f80       0x20 c:/program files (x86)/gnu tools arm embedded/9 2019-q4-major/bin/../lib/gcc/arm-none-eabi/9.2.1/../../../../arm-none-eabi/lib/thumb/v7-m/nofp\libc_nano.a(lib_a-isattyr.o)
                0x08015f80                _isatty_r
 .text._lseek_r
                0x08015fa0       0x24 c:/program files (x86)/gnu tools arm embedded/9 2019-q4-major/bin/../lib/gcc/arm-none-eabi/9.2.1/../../../../arm-none-eabi/lib/thumb/v7-m/nofp\libc_nano.a(lib_a-lseekr.o)
                0x08015fa0                _lseek_r
 .text.memchr   0x08015fc4       0x1c c:/program files (x86)/gnu tools arm embedded/9 2019-q4-major/bin/../lib/gcc/arm-none-eabi/9.2.1/../../../../arm-none-eabi/lib/thumb/v7-m/nofp\libc_nano.a(lib_a-memchr-stub.o)
                0x08015fc4                memchr
 .text.__malloc_lock
                0x08015fe0        0xc c:/program files (x86)/gnu tools arm embedded/9 2019-q4-major/bin/../lib/gcc/arm-none-eabi/9.2.1/../../../../arm-none-eabi/lib/thumb/v7-m/nofp\libc_nano.a(lib_a-mlock.o)
                0x08015fe0                __malloc_lock
 .text.__malloc_unlock
                0x08015fec        0xc c:/program files (x86)/gnu tools arm embedded/9 2019-q4-major/bin/../lib/gcc/arm-none-eabi/9.2.1/../../../../arm-none-eabi/lib/thumb/v7-m/nofp\libc_nano.a(lib_a-mlock.o)
                0x08015fec                __malloc_unlock
 .text._read_r  0x08015ff8       0x24 c:/program files (x86)/gnu tools arm embedded/9 2019-q4-major/bin/../lib/gcc/arm-none-eabi/9.2.1/../../../../arm-none-eabi/lib/thumb/v7-m/nofp\libc_nano.a(lib_a-readr.o)
                0x08015ff8                _read_r
 .text._close   0x0801601c       0x10 c:/program files (x86)/gnu tools arm embedded/9 2019-q4-major/bin/../lib/gcc/arm-none-eabi/9.2.1/../../../../arm-none-eabi/lib/thumb/v7-m/nofp\libnosys.a(close.o)
                0x0801601c                _close
 .text._fstat   0x0801602c       0x10 c:/program files (x86)/gnu tools arm embedded/9 2019-q4-major/bin/../lib/gcc/arm-none-eabi/9.2.1/../../../../arm-none-eabi/lib/thumb/v7-m/nofp\libnosys.a(fstat.o)
                0x0801602c                _fstat
 .text._isatty  0x0801603c       0x10 c:/program files (x86)/gnu tools arm embedded/9 2019-q4-major/bin/../lib/gcc/arm-none-eabi/9.2.1/../../../../arm-none-eabi/lib/thumb/v7-m/nofp\libnosys.a(isatty.o)
                0x0801603c                _isatty
 .text._lseek   0x0801604c       0x10 c:/program files (x86)/gnu tools arm embedded/9 2019-q4-major/bin/../lib/gcc/arm-none-eabi/9.2.1/../../../../arm-none-eabi/lib/thumb/v7-m/nofp\libnosys.a(lseek.o)
                0x0801604c                _lseek
 .text._read    0x0801605c       0x10 c:/program files (x86)/gnu tools arm embedded/9 2019-q4-major/bin/../lib/gcc/arm-none-eabi/9.2.1/../../../../arm-none-eabi/lib/thumb/v7-m/nofp\libnosys.a(read.o)
                0x0801605c                _read
 .text._sbrk    0x0801606c       0x1c c:/program files (x86)/gnu tools arm embedded/9 2019-q4-major/bin/../lib/gcc/arm-none-eabi/9.2.1/../../../../arm-none-eabi/lib/thumb/v7-m/nofp\libnosys.a(sbrk.o)
                0x0801606c                _sbrk
 .text.TWI_SCL_0
                0x08016088       0x18 ./Lib\libsw_i2c0.a(sw_i2c0.o)
 .text.TWI_SCL_1
                0x080160a0       0x18 ./Lib\libsw_i2c0.a(sw_i2c0.o)
 .text.TWI_SDA_0
                0x080160b8       0x18 ./Lib\libsw_i2c0.a(sw_i2c0.o)
 .text.TWI_SDA_1
                0x080160d0       0x18 ./Lib\libsw_i2c0.a(sw_i2c0.o)
 .text.TWI_SDA_STATE
                0x080160e8       0x24 ./Lib\libsw_i2c0.a(sw_i2c0.o)
 .text.TWI_NOP  0x0801610c       0x22 ./Lib\libsw_i2c0.a(sw_i2c0.o)
 *fill*         0x0801612e        0x2 
 .text.TWI_Initialize
                0x08016130       0x48 ./Lib\libsw_i2c0.a(sw_i2c0.o)
 .text.TWI_START
                0x08016178       0x46 ./Lib\libsw_i2c0.a(sw_i2c0.o)
 .text.TWI_STOP
                0x080161be       0x20 ./Lib\libsw_i2c0.a(sw_i2c0.o)
 .text.TWI_SendNACK
                0x080161de       0x20 ./Lib\libsw_i2c0.a(sw_i2c0.o)
 .text.TWI_SendByte
                0x080161fe       0x80 ./Lib\libsw_i2c0.a(sw_i2c0.o)
 .text.TWI_ReceiveByte
                0x0801627e       0x56 ./Lib\libsw_i2c0.a(sw_i2c0.o)
 .text.SW_I2C0_Init
                0x080162d4        0xc ./Lib\libsw_i2c0.a(sw_i2c0.o)
                0x080162d4                SW_I2C0_Init
 .text.I2C0_Write
                0x080162e0       0x46 ./Lib\libsw_i2c0.a(sw_i2c0.o)
                0x080162e0                I2C0_Write
 .text.I2C0_Read
                0x08016326       0x54 ./Lib\libsw_i2c0.a(sw_i2c0.o)
                0x08016326                I2C0_Read
 *fill*         0x0801637a        0x2 
 .text.TWI_SCL_0
                0x0801637c       0x18 ./Lib\libsw_i2c1.a(sw_i2c1.o)
 .text.TWI_SCL_1
                0x08016394       0x18 ./Lib\libsw_i2c1.a(sw_i2c1.o)
 .text.TWI_SDA_0
                0x080163ac       0x18 ./Lib\libsw_i2c1.a(sw_i2c1.o)
 .text.TWI_SDA_1
                0x080163c4       0x18 ./Lib\libsw_i2c1.a(sw_i2c1.o)
 .text.TWI_SDA_STATE
                0x080163dc       0x24 ./Lib\libsw_i2c1.a(sw_i2c1.o)
 .text.TWI_NOP  0x08016400       0x22 ./Lib\libsw_i2c1.a(sw_i2c1.o)
 *fill*         0x08016422        0x2 
 .text.TWI_Initialize
                0x08016424       0x4c ./Lib\libsw_i2c1.a(sw_i2c1.o)
 .text.TWI_START
                0x08016470       0x46 ./Lib\libsw_i2c1.a(sw_i2c1.o)
 .text.TWI_STOP
                0x080164b6       0x20 ./Lib\libsw_i2c1.a(sw_i2c1.o)
 .text.TWI_SendNACK
                0x080164d6       0x20 ./Lib\libsw_i2c1.a(sw_i2c1.o)
 .text.TWI_SendByte
                0x080164f6       0x80 ./Lib\libsw_i2c1.a(sw_i2c1.o)
 .text.TWI_ReceiveByte
                0x08016576       0x56 ./Lib\libsw_i2c1.a(sw_i2c1.o)
 .text.SW_I2C1_Init
                0x080165cc        0xc ./Lib\libsw_i2c1.a(sw_i2c1.o)
                0x080165cc                SW_I2C1_Init
 .text.SW_I2C1Write
                0x080165d8       0x3a ./Lib\libsw_i2c1.a(sw_i2c1.o)
                0x080165d8                SW_I2C1Write
 .text.SW_I2C1WriteNByte
                0x08016612       0x5c ./Lib\libsw_i2c1.a(sw_i2c1.o)
                0x08016612                SW_I2C1WriteNByte
 .text.SW_I2C1Read
                0x0801666e       0x5c ./Lib\libsw_i2c1.a(sw_i2c1.o)
                0x0801666e                SW_I2C1Read
 .text.I2Cdelay2
                0x080166ca       0x22 ./Lib\libsw_i2c1.a(sw_i2c1.o)
                0x080166ca                I2Cdelay2
 .text.I2CStart2
                0x080166ec       0x20 ./Lib\libsw_i2c1.a(sw_i2c1.o)
                0x080166ec                I2CStart2
 .text.I2CStop2
                0x0801670c       0x28 ./Lib\libsw_i2c1.a(sw_i2c1.o)
                0x0801670c                I2CStop2
 .text.I2CWriteData2
                0x08016734       0x70 ./Lib\libsw_i2c1.a(sw_i2c1.o)
                0x08016734                I2CWriteData2
 .text.I2CReadData2
                0x080167a4       0x66 ./Lib\libsw_i2c1.a(sw_i2c1.o)
                0x080167a4                I2CReadData2
 .text.ReadI2C2
                0x0801680a       0x4c ./Lib\libsw_i2c1.a(sw_i2c1.o)
                0x0801680a                ReadI2C2
 .text.EEPWrite
                0x08016856       0x4e ./Lib\libsw_i2c1.a(sw_i2c1.o)
                0x08016856                EEPWrite
 .text.EEPRead  0x080168a4       0x3c ./Lib\libsw_i2c1.a(sw_i2c1.o)
                0x080168a4                EEPRead
 .text.TWI_SCL_0
                0x080168e0       0x18 ./Lib\libsw_i2c2.a(sw_i2c2.o)
 .text.TWI_SCL_1
                0x080168f8       0x18 ./Lib\libsw_i2c2.a(sw_i2c2.o)
 .text.TWI_SDA_0
                0x08016910       0x18 ./Lib\libsw_i2c2.a(sw_i2c2.o)
 .text.TWI_SDA_1
                0x08016928       0x18 ./Lib\libsw_i2c2.a(sw_i2c2.o)
 .text.TWI_SDA_STATE
                0x08016940       0x24 ./Lib\libsw_i2c2.a(sw_i2c2.o)
 .text.TWI_NOP  0x08016964       0x22 ./Lib\libsw_i2c2.a(sw_i2c2.o)
 *fill*         0x08016986        0x2 
 .text.TWI_Initialize
                0x08016988       0x4c ./Lib\libsw_i2c2.a(sw_i2c2.o)
 .text.SW_I2C2_Init
                0x080169d4        0xc ./Lib\libsw_i2c2.a(sw_i2c2.o)
                0x080169d4                SW_I2C2_Init
 .text.I2Cdelay
                0x080169e0       0x22 ./Lib\libsw_i2c2.a(sw_i2c2.o)
                0x080169e0                I2Cdelay
 .text.I2CStart
                0x08016a02       0x20 ./Lib\libsw_i2c2.a(sw_i2c2.o)
                0x08016a02                I2CStart
 .text.I2CReStart
                0x08016a22       0x20 ./Lib\libsw_i2c2.a(sw_i2c2.o)
                0x08016a22                I2CReStart
 .text.I2CStop  0x08016a42       0x28 ./Lib\libsw_i2c2.a(sw_i2c2.o)
                0x08016a42                I2CStop
 .text.I2CWriteData
                0x08016a6a       0x70 ./Lib\libsw_i2c2.a(sw_i2c2.o)
                0x08016a6a                I2CWriteData
 .text.I2CReadData
                0x08016ada       0x6e ./Lib\libsw_i2c2.a(sw_i2c2.o)
                0x08016ada                I2CReadData
 .text.I2CWriteData3
                0x08016b48       0x70 ./Lib\libsw_i2c2.a(sw_i2c2.o)
                0x08016b48                I2CWriteData3
 .text.I2CWriteData4
                0x08016bb8       0x58 ./Lib\libsw_i2c2.a(sw_i2c2.o)
                0x08016bb8                I2CWriteData4
 .text.I2CReadData3
                0x08016c10       0x56 ./Lib\libsw_i2c2.a(sw_i2c2.o)
                0x08016c10                I2CReadData3
 .text.ReadI2C  0x08016c66       0x4c ./Lib\libsw_i2c2.a(sw_i2c2.o)
                0x08016c66                ReadI2C
 .text.I2CACK   0x08016cb2       0x28 ./Lib\libsw_i2c2.a(sw_i2c2.o)
 .text.I2CNACK  0x08016cda       0x24 ./Lib\libsw_i2c2.a(sw_i2c2.o)
 .text.ReadI2C3
                0x08016cfe       0x68 ./Lib\libsw_i2c2.a(sw_i2c2.o)
                0x08016cfe                ReadI2C3
 .text.ReadI2C4
                0x08016d66       0x58 ./Lib\libsw_i2c2.a(sw_i2c2.o)
                0x08016d66                ReadI2C4
 .text.WriteI2C3
                0x08016dbe       0x46 ./Lib\libsw_i2c2.a(sw_i2c2.o)
                0x08016dbe                WriteI2C3
 .text.TWI_SCL_0
                0x08016e04       0x18 ./Lib\libsw_i2c3.a(sw_i2c3.o)
 .text.TWI_SCL_1
                0x08016e1c       0x18 ./Lib\libsw_i2c3.a(sw_i2c3.o)
 .text.TWI_SDA_0
                0x08016e34       0x18 ./Lib\libsw_i2c3.a(sw_i2c3.o)
 .text.TWI_SDA_1
                0x08016e4c       0x18 ./Lib\libsw_i2c3.a(sw_i2c3.o)
 .text.TWI_SDA_STATE
                0x08016e64       0x24 ./Lib\libsw_i2c3.a(sw_i2c3.o)
 .text.TWI_NOP  0x08016e88       0x22 ./Lib\libsw_i2c3.a(sw_i2c3.o)
 *fill*         0x08016eaa        0x2 
 .text.TWI_Initialize
                0x08016eac       0x48 ./Lib\libsw_i2c3.a(sw_i2c3.o)
 .text.SW_I2C3_Init
                0x08016ef4        0xc ./Lib\libsw_i2c3.a(sw_i2c3.o)
                0x08016ef4                SW_I2C3_Init
 .text.I2C3_WriteNByte
                0x08016f00       0x66 ./Lib\libsw_i2c3.a(sw_i2c3.o)
                0x08016f00                I2C3_WriteNByte
 .text.I2Cdelay3
                0x08016f66       0x22 ./Lib\libsw_i2c3.a(sw_i2c3.o)
                0x08016f66                I2Cdelay3
 .text.I2CStart3
                0x08016f88       0x20 ./Lib\libsw_i2c3.a(sw_i2c3.o)
                0x08016f88                I2CStart3
 .text.I2CStop3
                0x08016fa8       0x28 ./Lib\libsw_i2c3.a(sw_i2c3.o)
                0x08016fa8                I2CStop3
 .text.I2CWriteData5
                0x08016fd0       0x70 ./Lib\libsw_i2c3.a(sw_i2c3.o)
                0x08016fd0                I2CWriteData5
 .text.I2CReadData5
                0x08017040       0x56 ./Lib\libsw_i2c3.a(sw_i2c3.o)
                0x08017040                I2CReadData5
 .text.I2CACK3  0x08017096       0x28 ./Lib\libsw_i2c3.a(sw_i2c3.o)
 .text.I2CNACK3
                0x080170be       0x24 ./Lib\libsw_i2c3.a(sw_i2c3.o)
 .text.I2C4_nRead
                0x080170e2       0x90 ./Lib\libsw_i2c3.a(sw_i2c3.o)
                0x080170e2                I2C4_nRead
 *(.glue_7)
 .glue_7        0x08017172        0x0 linker stubs
 *(.glue_7t)
 .glue_7t       0x08017172        0x0 linker stubs
 *(.eh_frame)
 *fill*         0x08017172        0x2 
 .eh_frame      0x08017174        0x0 c:/program files (x86)/gnu tools arm embedded/9 2019-q4-major/bin/../lib/gcc/arm-none-eabi/9.2.1/thumb/v7-m/nofp/crtbegin.o
 *(.init)
 .init          0x08017174        0x4 c:/program files (x86)/gnu tools arm embedded/9 2019-q4-major/bin/../lib/gcc/arm-none-eabi/9.2.1/thumb/v7-m/nofp/crti.o
                0x08017174                _init
 .init          0x08017178        0x8 c:/program files (x86)/gnu tools arm embedded/9 2019-q4-major/bin/../lib/gcc/arm-none-eabi/9.2.1/thumb/v7-m/nofp/crtn.o
 *(.fini)
 .fini          0x08017180        0x4 c:/program files (x86)/gnu tools arm embedded/9 2019-q4-major/bin/../lib/gcc/arm-none-eabi/9.2.1/thumb/v7-m/nofp/crti.o
                0x08017180                _fini
 .fini          0x08017184        0x8 c:/program files (x86)/gnu tools arm embedded/9 2019-q4-major/bin/../lib/gcc/arm-none-eabi/9.2.1/thumb/v7-m/nofp/crtn.o
                0x0801718c                . = ALIGN (0x4)
                0x0801718c                _etext = .

.vfp11_veneer   0x0801718c        0x0
 .vfp11_veneer  0x0801718c        0x0 linker stubs

.v4_bx          0x0801718c        0x0
 .v4_bx         0x0801718c        0x0 linker stubs

.iplt           0x0801718c        0x0
 .iplt          0x0801718c        0x0 c:/program files (x86)/gnu tools arm embedded/9 2019-q4-major/bin/../lib/gcc/arm-none-eabi/9.2.1/thumb/v7-m/nofp/crtbegin.o

.rodata         0x0801718c     0x8420
                0x0801718c                . = ALIGN (0x4)
 *(.rodata)
 .rodata        0x0801718c       0x20 build/VX_OSD_Simple.o
 .rodata        0x080171ac        0x5 build/TP2802.o
 *fill*         0x080171b1        0x3 
 .rodata        0x080171b4       0x10 build/keyremo.o
 *(.rodata*)
 .rodata.setloopoutmode.str1.4
                0x080171c4      0x583 build/main.o
 *fill*         0x08017747        0x1 
 .rodata.main_init.str1.4
                0x08017748       0xa0 build/main.o
 .rodata.LCDPowerON.str1.4
                0x080177e8       0x1e build/main.o
 *fill*         0x08017806        0x2 
 .rodata.LCDPowerOFF.str1.4
                0x08017808        0xe build/main.o
 *fill*         0x08017816        0x2 
 .rodata.WaitPowerOn.str1.4
                0x08017818       0x1f build/main.o
 *fill*         0x08017837        0x1 
 .rodata.main.str1.4
                0x08017838       0x53 build/main.o
 *fill*         0x0801788b        0x1 
 .rodata.HAL_RCC_GetSysClockFreq.str1.4
                0x0801788c       0x11 build/stm32f1xx_hal_rcc.o
 .rodata.HAL_RCCEx_GetPeriphCLKFreq.str1.4
                0x0801789d       0x11 build/stm32f1xx_hal_rcc_ex.o
 *fill*         0x0801789d        0x3 
 .rodata.AHBPrescTable
                0x080178a0       0x10 build/system_stm32f1xx.o
                0x080178a0                AHBPrescTable
 .rodata.APBPrescTable
                0x080178b0        0x8 build/system_stm32f1xx.o
                0x080178b0                APBPrescTable
 .rodata.VS4210_Addr_88param
                0x080178b8       0x58 build/VS4210_param_Mode88.o
                0x080178b8                VS4210_Addr_88param
 .rodata.VS4210_bt656_1080P_1080P_mode0_w0_88param
                0x08017910       0x58 build/VS4210_param_Mode88.o
                0x08017910                VS4210_bt656_1080P_1080P_mode0_w0_88param
 .rodata.VS4210_bt656_1080P_1080P_mode0_w0_mirrorH_88param
                0x08017968       0x58 build/VS4210_param_Mode88.o
                0x08017968                VS4210_bt656_1080P_1080P_mode0_w0_mirrorH_88param
 .rodata.VS4210_bt656_1080P_720P_mode0_w0_88param
                0x080179c0       0x58 build/VS4210_param_Mode88.o
                0x080179c0                VS4210_bt656_1080P_720P_mode0_w0_88param
 .rodata.VS4210_bt656_1080P_720P_mode0_w0_mirrorH_88param
                0x08017a18       0x58 build/VS4210_param_Mode88.o
                0x08017a18                VS4210_bt656_1080P_720P_mode0_w0_mirrorH_88param
 .rodata.VS4210_bt656_1080P_800x480_mode0_w0_88param
                0x08017a70       0x58 build/VS4210_param_Mode88.o
                0x08017a70                VS4210_bt656_1080P_800x480_mode0_w0_88param
 .rodata.VS4210_bt656_1080P_800x480_mode0_w0_mirrorH_88param
                0x08017ac8       0x58 build/VS4210_param_Mode88.o
                0x08017ac8                VS4210_bt656_1080P_800x480_mode0_w0_mirrorH_88param
 .rodata.VS4210_bt656_720P_1080P_mode0_w0_88param
                0x08017b20       0x58 build/VS4210_param_Mode88.o
                0x08017b20                VS4210_bt656_720P_1080P_mode0_w0_88param
 .rodata.VS4210_bt656_720P_1080P_mode0_w0_mirrorH_88param
                0x08017b78       0x58 build/VS4210_param_Mode88.o
                0x08017b78                VS4210_bt656_720P_1080P_mode0_w0_mirrorH_88param
 .rodata.VS4210_bt656_720P_720P_mode0_w0_88param
                0x08017bd0       0x58 build/VS4210_param_Mode88.o
                0x08017bd0                VS4210_bt656_720P_720P_mode0_w0_88param
 .rodata.VS4210_bt656_720P_720P_mode0_w0_mirrorH_88param
                0x08017c28       0x58 build/VS4210_param_Mode88.o
                0x08017c28                VS4210_bt656_720P_720P_mode0_w0_mirrorH_88param
 .rodata.VS4210_bt656_720P_800x480_mode0_w0_88param
                0x08017c80       0x58 build/VS4210_param_Mode88.o
                0x08017c80                VS4210_bt656_720P_800x480_mode0_w0_88param
 .rodata.VS4210_bt656_720P_800x480_mode0_w0_mirrorH_88param
                0x08017cd8       0x58 build/VS4210_param_Mode88.o
                0x08017cd8                VS4210_bt656_720P_800x480_mode0_w0_mirrorH_88param
 .rodata.VS4210_bt656_NTSC_1080P_mode0_w0_88param
                0x08017d30       0x58 build/VS4210_param_Mode88.o
                0x08017d30                VS4210_bt656_NTSC_1080P_mode0_w0_88param
 .rodata.VS4210_bt656_NTSC_1080P_mode0_w0_mirrorH_88param
                0x08017d88       0x58 build/VS4210_param_Mode88.o
                0x08017d88                VS4210_bt656_NTSC_1080P_mode0_w0_mirrorH_88param
 .rodata.VS4210_bt656_NTSC_720P_mode0_w0_88param
                0x08017de0       0x58 build/VS4210_param_Mode88.o
                0x08017de0                VS4210_bt656_NTSC_720P_mode0_w0_88param
 .rodata.VS4210_bt656_NTSC_720P_mode0_w0_mirrorH_88param
                0x08017e38       0x58 build/VS4210_param_Mode88.o
                0x08017e38                VS4210_bt656_NTSC_720P_mode0_w0_mirrorH_88param
 .rodata.VS4210_bt656_NTSC_800x480_mode0_w0_88param
                0x08017e90       0x58 build/VS4210_param_Mode88.o
                0x08017e90                VS4210_bt656_NTSC_800x480_mode0_w0_88param
 .rodata.VS4210_bt656_NTSC_800x480_mode0_w0_mirrorH_88param
                0x08017ee8       0x58 build/VS4210_param_Mode88.o
                0x08017ee8                VS4210_bt656_NTSC_800x480_mode0_w0_mirrorH_88param
 .rodata.VS4210_bt656_PAL_1080P_mode0_w0_88param
                0x08017f40       0x58 build/VS4210_param_Mode88.o
                0x08017f40                VS4210_bt656_PAL_1080P_mode0_w0_88param
 .rodata.VS4210_bt656_PAL_1080P_mode0_w0_mirrorH_88param
                0x08017f98       0x58 build/VS4210_param_Mode88.o
                0x08017f98                VS4210_bt656_PAL_1080P_mode0_w0_mirrorH_88param
 .rodata.VS4210_bt656_PAL_720P_mode0_w0_88param
                0x08017ff0       0x58 build/VS4210_param_Mode88.o
                0x08017ff0                VS4210_bt656_PAL_720P_mode0_w0_88param
 .rodata.VS4210_bt656_PAL_720P_mode0_w0_mirrorH_88param
                0x08018048       0x58 build/VS4210_param_Mode88.o
                0x08018048                VS4210_bt656_PAL_720P_mode0_w0_mirrorH_88param
 .rodata.VS4210_bt656_PAL_800x480_mode0_w0_88param
                0x080180a0       0x58 build/VS4210_param_Mode88.o
                0x080180a0                VS4210_bt656_PAL_800x480_mode0_w0_88param
 .rodata.VS4210_bt656_PAL_800x480_mode0_w0_mirrorH_88param
                0x080180f8       0x58 build/VS4210_param_Mode88.o
                0x080180f8                VS4210_bt656_PAL_800x480_mode0_w0_mirrorH_88param
 .rodata.VS4210_Addr_param
                0x08018150       0x1a build/VS4210_param_Modex26.o
                0x08018150                VS4210_Addr_param
 *fill*         0x0801816a        0x2 
 .rodata.VS4210_bt656_1080P_1080P_mode10_w0_mirrorH_param
                0x0801816c       0x1a build/VS4210_param_Modex26.o
                0x0801816c                VS4210_bt656_1080P_1080P_mode10_w0_mirrorH_param
 *fill*         0x08018186        0x2 
 .rodata.VS4210_bt656_1080P_1080P_mode10_w0_param
                0x08018188       0x1a build/VS4210_param_Modex26.o
                0x08018188                VS4210_bt656_1080P_1080P_mode10_w0_param
 *fill*         0x080181a2        0x2 
 .rodata.VS4210_bt656_1080P_1080P_mode10_w1_mirrorH_param
                0x080181a4       0x1a build/VS4210_param_Modex26.o
                0x080181a4                VS4210_bt656_1080P_1080P_mode10_w1_mirrorH_param
 *fill*         0x080181be        0x2 
 .rodata.VS4210_bt656_1080P_1080P_mode10_w1_param
                0x080181c0       0x1a build/VS4210_param_Modex26.o
                0x080181c0                VS4210_bt656_1080P_1080P_mode10_w1_param
 *fill*         0x080181da        0x2 
 .rodata.VS4210_bt656_1080P_1080P_mode10_w2_mirrorH_param
                0x080181dc       0x1a build/VS4210_param_Modex26.o
                0x080181dc                VS4210_bt656_1080P_1080P_mode10_w2_mirrorH_param
 *fill*         0x080181f6        0x2 
 .rodata.VS4210_bt656_1080P_1080P_mode10_w2_param
                0x080181f8       0x1a build/VS4210_param_Modex26.o
                0x080181f8                VS4210_bt656_1080P_1080P_mode10_w2_param
 *fill*         0x08018212        0x2 
 .rodata.VS4210_bt656_1080P_1080P_mode12_w0_mirrorH_param
                0x08018214       0x1a build/VS4210_param_Modex26.o
                0x08018214                VS4210_bt656_1080P_1080P_mode12_w0_mirrorH_param
 *fill*         0x0801822e        0x2 
 .rodata.VS4210_bt656_1080P_1080P_mode12_w0_param
                0x08018230       0x1a build/VS4210_param_Modex26.o
                0x08018230                VS4210_bt656_1080P_1080P_mode12_w0_param
 *fill*         0x0801824a        0x2 
 .rodata.VS4210_bt656_1080P_1080P_mode12_w1_mirrorH_param
                0x0801824c       0x1a build/VS4210_param_Modex26.o
                0x0801824c                VS4210_bt656_1080P_1080P_mode12_w1_mirrorH_param
 *fill*         0x08018266        0x2 
 .rodata.VS4210_bt656_1080P_1080P_mode12_w1_param
                0x08018268       0x1a build/VS4210_param_Modex26.o
                0x08018268                VS4210_bt656_1080P_1080P_mode12_w1_param
 *fill*         0x08018282        0x2 
 .rodata.VS4210_bt656_1080P_1080P_mode14_w0_mirrorH_param
                0x08018284       0x1a build/VS4210_param_Modex26.o
                0x08018284                VS4210_bt656_1080P_1080P_mode14_w0_mirrorH_param
 *fill*         0x0801829e        0x2 
 .rodata.VS4210_bt656_1080P_1080P_mode14_w0_param
                0x080182a0       0x1a build/VS4210_param_Modex26.o
                0x080182a0                VS4210_bt656_1080P_1080P_mode14_w0_param
 *fill*         0x080182ba        0x2 
 .rodata.VS4210_bt656_1080P_1080P_mode14_w1_mirrorH_param
                0x080182bc       0x1a build/VS4210_param_Modex26.o
                0x080182bc                VS4210_bt656_1080P_1080P_mode14_w1_mirrorH_param
 *fill*         0x080182d6        0x2 
 .rodata.VS4210_bt656_1080P_1080P_mode14_w1_param
                0x080182d8       0x1a build/VS4210_param_Modex26.o
                0x080182d8                VS4210_bt656_1080P_1080P_mode14_w1_param
 *fill*         0x080182f2        0x2 
 .rodata.VS4210_bt656_1080P_1080P_mode14_w2_mirrorH_param
                0x080182f4       0x1a build/VS4210_param_Modex26.o
                0x080182f4                VS4210_bt656_1080P_1080P_mode14_w2_mirrorH_param
 *fill*         0x0801830e        0x2 
 .rodata.VS4210_bt656_1080P_1080P_mode14_w2_param
                0x08018310       0x1a build/VS4210_param_Modex26.o
                0x08018310                VS4210_bt656_1080P_1080P_mode14_w2_param
 *fill*         0x0801832a        0x2 
 .rodata.VS4210_bt656_1080P_1080P_mode1_w0_mirrorH_param
                0x0801832c       0x1a build/VS4210_param_Modex26.o
                0x0801832c                VS4210_bt656_1080P_1080P_mode1_w0_mirrorH_param
 *fill*         0x08018346        0x2 
 .rodata.VS4210_bt656_1080P_1080P_mode1_w0_param
                0x08018348       0x1a build/VS4210_param_Modex26.o
                0x08018348                VS4210_bt656_1080P_1080P_mode1_w0_param
 *fill*         0x08018362        0x2 
 .rodata.VS4210_bt656_1080P_1080P_mode1_w1_mirrorH_param
                0x08018364       0x1a build/VS4210_param_Modex26.o
                0x08018364                VS4210_bt656_1080P_1080P_mode1_w1_mirrorH_param
 *fill*         0x0801837e        0x2 
 .rodata.VS4210_bt656_1080P_1080P_mode1_w1_param
                0x08018380       0x1a build/VS4210_param_Modex26.o
                0x08018380                VS4210_bt656_1080P_1080P_mode1_w1_param
 *fill*         0x0801839a        0x2 
 .rodata.VS4210_bt656_1080P_1080P_mode1_w2_mirrorH_param
                0x0801839c       0x1a build/VS4210_param_Modex26.o
                0x0801839c                VS4210_bt656_1080P_1080P_mode1_w2_mirrorH_param
 *fill*         0x080183b6        0x2 
 .rodata.VS4210_bt656_1080P_1080P_mode1_w2_param
                0x080183b8       0x1a build/VS4210_param_Modex26.o
                0x080183b8                VS4210_bt656_1080P_1080P_mode1_w2_param
 *fill*         0x080183d2        0x2 
 .rodata.VS4210_bt656_1080P_1080P_mode1_w3_mirrorH_param
                0x080183d4       0x1a build/VS4210_param_Modex26.o
                0x080183d4                VS4210_bt656_1080P_1080P_mode1_w3_mirrorH_param
 *fill*         0x080183ee        0x2 
 .rodata.VS4210_bt656_1080P_1080P_mode1_w3_param
                0x080183f0       0x1a build/VS4210_param_Modex26.o
                0x080183f0                VS4210_bt656_1080P_1080P_mode1_w3_param
 *fill*         0x0801840a        0x2 
 .rodata.VS4210_bt656_1080P_1080P_mode2_w0_mirrorH_param
                0x0801840c       0x1a build/VS4210_param_Modex26.o
                0x0801840c                VS4210_bt656_1080P_1080P_mode2_w0_mirrorH_param
 *fill*         0x08018426        0x2 
 .rodata.VS4210_bt656_1080P_1080P_mode2_w0_param
                0x08018428       0x1a build/VS4210_param_Modex26.o
                0x08018428                VS4210_bt656_1080P_1080P_mode2_w0_param
 *fill*         0x08018442        0x2 
 .rodata.VS4210_bt656_1080P_1080P_mode2_w1_mirrorH_param
                0x08018444       0x1a build/VS4210_param_Modex26.o
                0x08018444                VS4210_bt656_1080P_1080P_mode2_w1_mirrorH_param
 *fill*         0x0801845e        0x2 
 .rodata.VS4210_bt656_1080P_1080P_mode2_w1_param
                0x08018460       0x1a build/VS4210_param_Modex26.o
                0x08018460                VS4210_bt656_1080P_1080P_mode2_w1_param
 *fill*         0x0801847a        0x2 
 .rodata.VS4210_bt656_1080P_1080P_mode2_w2_mirrorH_param
                0x0801847c       0x1a build/VS4210_param_Modex26.o
                0x0801847c                VS4210_bt656_1080P_1080P_mode2_w2_mirrorH_param
 *fill*         0x08018496        0x2 
 .rodata.VS4210_bt656_1080P_1080P_mode2_w2_param
                0x08018498       0x1a build/VS4210_param_Modex26.o
                0x08018498                VS4210_bt656_1080P_1080P_mode2_w2_param
 *fill*         0x080184b2        0x2 
 .rodata.VS4210_bt656_1080P_1080P_mode2_w3_mirrorH_param
                0x080184b4       0x1a build/VS4210_param_Modex26.o
                0x080184b4                VS4210_bt656_1080P_1080P_mode2_w3_mirrorH_param
 *fill*         0x080184ce        0x2 
 .rodata.VS4210_bt656_1080P_1080P_mode2_w3_param
                0x080184d0       0x1a build/VS4210_param_Modex26.o
                0x080184d0                VS4210_bt656_1080P_1080P_mode2_w3_param
 *fill*         0x080184ea        0x2 
 .rodata.VS4210_bt656_1080P_1080P_mode8_w0_mirrorH_param
                0x080184ec       0x1a build/VS4210_param_Modex26.o
                0x080184ec                VS4210_bt656_1080P_1080P_mode8_w0_mirrorH_param
 *fill*         0x08018506        0x2 
 .rodata.VS4210_bt656_1080P_1080P_mode8_w0_param
                0x08018508       0x1a build/VS4210_param_Modex26.o
                0x08018508                VS4210_bt656_1080P_1080P_mode8_w0_param
 *fill*         0x08018522        0x2 
 .rodata.VS4210_bt656_1080P_1080P_mode8_w1_mirrorH_param
                0x08018524       0x1a build/VS4210_param_Modex26.o
                0x08018524                VS4210_bt656_1080P_1080P_mode8_w1_mirrorH_param
 *fill*         0x0801853e        0x2 
 .rodata.VS4210_bt656_1080P_1080P_mode8_w1_param
                0x08018540       0x1a build/VS4210_param_Modex26.o
                0x08018540                VS4210_bt656_1080P_1080P_mode8_w1_param
 *fill*         0x0801855a        0x2 
 .rodata.VS4210_bt656_1080P_1080P_mode8_w2_mirrorH_param
                0x0801855c       0x1a build/VS4210_param_Modex26.o
                0x0801855c                VS4210_bt656_1080P_1080P_mode8_w2_mirrorH_param
 *fill*         0x08018576        0x2 
 .rodata.VS4210_bt656_1080P_1080P_mode8_w2_param
                0x08018578       0x1a build/VS4210_param_Modex26.o
                0x08018578                VS4210_bt656_1080P_1080P_mode8_w2_param
 *fill*         0x08018592        0x2 
 .rodata.VS4210_bt656_1080P_1080P_mode9_w0_mirrorH_param
                0x08018594       0x1a build/VS4210_param_Modex26.o
                0x08018594                VS4210_bt656_1080P_1080P_mode9_w0_mirrorH_param
 *fill*         0x080185ae        0x2 
 .rodata.VS4210_bt656_1080P_1080P_mode9_w0_param
                0x080185b0       0x1a build/VS4210_param_Modex26.o
                0x080185b0                VS4210_bt656_1080P_1080P_mode9_w0_param
 *fill*         0x080185ca        0x2 
 .rodata.VS4210_bt656_1080P_1080P_mode9_w1_mirrorH_param
                0x080185cc       0x1a build/VS4210_param_Modex26.o
                0x080185cc                VS4210_bt656_1080P_1080P_mode9_w1_mirrorH_param
 *fill*         0x080185e6        0x2 
 .rodata.VS4210_bt656_1080P_1080P_mode9_w1_param
                0x080185e8       0x1a build/VS4210_param_Modex26.o
                0x080185e8                VS4210_bt656_1080P_1080P_mode9_w1_param
 *fill*         0x08018602        0x2 
 .rodata.VS4210_bt656_1080P_1080P_mode9_w2_mirrorH_param